[Licensing::Module] Trying to connect to existing licensing client channel...
Built from '6000.5/staging' branch; Version is '6000.5.10f1 (3bd4f66ad299) revision 3921142'; Using compiler version '194234433'; Build Type 'Release'
OS: 'Windows 11  (10.0.26200) Core' Language: 'fr' Physical Memory: 16307 MB
[Licensing::IpcConnector] Successfully connected to: "LicenseClient-victo" at "2026-09-10T16:07:42.4400683Z"
BatchMode: 1, IsHumanControllingUs: 0, StartBugReporterOnCrash: 0, Is64bit: 1
System  architecture: x64
Process architecture: x64
Date: 2026-09-10T16:07:42Z
[Licensing::Client] Code 10 while verifying Licensing Client signature (process Id: 21544, path: "C:/Program Files/Unity Hub/UnityLicensingClient_V1/Unity.Licensing.Client.exe")
[Licensing::Module] LicensingClient has failed validation; ignoring
[Licensing::Client] Handshaking with LicensingClient:
  Version:                 1.18.3+d7ffd15
  Session Id:              1b378f3d3fdf4cb2a661f8c786f9f2aa
  Correlation Id:          52d5ad7c12ffb6f6983bdd1ee035e5ff
  External correlation Id: 1033132231816651880
  Machine Id:              7y1NJRQTZS1N0Fi4xzkaA1oQZqQ=
[Licensing::Module] Successfully connected to LicensingClient on channel: "LicenseClient-victo" (connect: 0.00s, validation: 0.00s, handshake: 0.04s)
[Licensing::IpcConnector] Successfully connected to: "LicenseClient-victo-notifications" at "2026-09-10T16:07:42.4817799Z"
[Licensing::Module] Licensing Background thread has ended after 0.04s

COMMAND LINE ARGUMENTS:
C:\Program Files\Unity\Hub\Editor\6000.5.10f1\Editor\Unity.exe
-adb2
-batchMode
-noUpm
-name
AssetImportWorkerHW0
-projectPath
C:/Users/victo/Desktop/Code/POO/Cursus/2-Copy_code/03_Unity_Solos/02_2048_Reloaded
-logFile
Logs/AssetImportWorkerHW0.log
-srvPort
58452
-parentPid
9272
-analyticsCloudUserId
anonymous
-analyticsCloudProjectId
87d49476-8ac2-47b9-ac92-d36bfea90eb0
-analyticsLocalProjectId
66a6adfeb90483c48ba34cfe5a8dc8e3
-editorAnalyticsEnabled
1
-cbmEditorLicense
85b739bd47fc74837574dc0803921ff699c31709
-cbmMachineId
7y1NJRQTZS1N0Fi4xzkaA1oQZqQ=
-licensingIpc
LicenseClient-victo
-noDiagnosticSwitchPersistentStore
-job-worker-count
5
-background-job-worker-count
8
-asset-garbage-collectors
1
-force-d3d12
-name
AssetImport
Successfully changed project path to: C:/Users/victo/Desktop/Code/POO/Cursus/2-Copy_code/03_Unity_Solos/02_2048_Reloaded
C:/Users/victo/Desktop/Code/POO/Cursus/2-Copy_code/03_Unity_Solos/02_2048_Reloaded
[UnityMemory] Configuration Parameters - Can be set up in boot.config
    "memorysetup-temp-allocator-size-gi-baking-worker=262144"
    "memorysetup-temp-allocator-size-gi-baking-worker=262144"
    "memorysetup-temp-allocator-size-gi-baking-worker=262144"
    "memorysetup-temp-allocator-size-gi-baking-worker=262144"
    "memorysetup-temp-allocator-size-gi-baking-worker=262144"
    "memorysetup-temp-allocator-size-nav-mesh-worker=65536"
    "memorysetup-temp-allocator-size-audio-worker=65536"
    "memorysetup-temp-allocator-size-cloud-worker=32768"
    "memorysetup-temp-allocator-size-gfx=262144"
    "memorysetup-remapper-allocator-initial-capacity=32768"
    "memorysetup-temp-allocator-size-preload-manager=33554432"
    "memorysetup-allocator-temp-initial-block-size-main=262144"
    "memorysetup-allocator-temp-initial-block-size-worker=262144"
    "memorysetup-temp-allocator-size-job-worker=262144"
    "memorysetup-temp-allocator-size-background-worker=32768"
    "memorysetup-bucket-allocator-granularity=16"
    "memorysetup-bucket-allocator-bucket-count=8"
    "memorysetup-bucket-allocator-block-size=33554432"
    "memorysetup-bucket-allocator-block-count=8"
    "memorysetup-main-allocator-block-size=16777216"
    "memorysetup-thread-allocator-block-size=16777216"
    "memorysetup-main-allocator-mimalloc-enabled=0"
    "memorysetup-gfx-main-allocator-block-size=16777216"
    "memorysetup-gfx-thread-allocator-block-size=16777216"
    "memorysetup-cache-allocator-block-size=4194304"
    "memorysetup-typetree-allocator-block-size=2097152"
    "memorysetup-profiler-bucket-allocator-granularity=16"
    "memorysetup-profiler-bucket-allocator-bucket-count=8"
    "memorysetup-profiler-bucket-allocator-block-size=33554432"
    "memorysetup-profiler-bucket-allocator-block-count=8"
    "memorysetup-profiler-allocator-block-size=16777216"
    "memorysetup-profiler-editor-allocator-block-size=1048576"
    "memorysetup-temp-allocator-size-main=16777216"
    "memorysetup-job-temp-allocator-block-size=2097152"
    "memorysetup-job-temp-allocator-block-size-background=1048576"
    "memorysetup-job-temp-allocator-reduction-small-platforms=262144"
Player connection [22964]  Target information:

Player connection [22964]  * "[IP] 192.168.1.62 [Port] 0 [Flags] 2 [Guid] 2501345502 [EditorId] 2501345502 [Version] 1048832 [Id] WindowsEditor(7,DESKTOP-O8CJAGR) [Debug] 1 [PackageName] WindowsEditor [ProjectName] Editor" 

Player connection [22964]  * "[IP] 192.168.56.1 [Port] 0 [Flags] 2 [Guid] 2501345502 [EditorId] 2501345502 [Version] 1048832 [Id] WindowsEditor(7,DESKTOP-O8CJAGR) [Debug] 1 [PackageName] WindowsEditor [ProjectName] Editor" 

Player connection [22964] Host joined multi-casting on [225.0.0.222:54997]...
Player connection [22964] Host joined alternative multi-casting on [225.0.0.222:34997]...
JobSystem: Creating JobQueue using job-worker-count value 5
Input System module state changed to: Initialized.
[Physics::Module] Initialized fallback backend.
[Physics::Module] Id: 0xdecafbad
Library Redirect Path: Library/
[Physics::Module] Selected backend.
[Physics::Module] Name: PhysX
[Physics::Module] Id: 0xf2b8ea05
[Physics::Module] SDK Version: 4.1.2
[Physics::Module] Integration Version: 1.0.0
[Physics::Module] Threading Mode: Multi-Threaded
Refreshing native plugins compatible for Editor in 5.37 ms, found 5 plugins.
Initialize engine version: 6000.5.10f1 (3bd4f66ad299)
[Subsystems] Discovering subsystems at path C:/Program Files/Unity/Hub/Editor/6000.5.10f1/Editor/Data/Resources/UnitySubsystems
[Subsystems] Discovering subsystems at path C:/Users/victo/Desktop/Code/POO/Cursus/2-Copy_code/03_Unity_Solos/02_2048_Reloaded/Assets
Forcing GfxDevice: Direct3D 12
GfxDevice: creating device client; kGfxThreadingModeNonThreaded
d3d12: failed to query info queue interface (0x80004002).
Direct3D:
    Version:         Direct3D 12 [level 12.2]
    Renderer:        NVIDIA GeForce RTX 3060 Ti (ID=0x2489)
    Vendor:          NVIDIA
    VRAM:            8024 MB
    App VRAM Budget: 7256 MB
    Driver:          32.0.15.9186
Initialize mono
Mono path[0] = 'C:/Program Files/Unity/Hub/Editor/6000.5.10f1/Editor/Data/Managed'
Mono path[1] = 'C:/Program Files/Unity/Hub/Editor/6000.5.10f1/Editor/Data/BCLExtensions/runtime/netstandard2.1'
Mono path[2] = 'C:/Program Files/Unity/Hub/Editor/6000.5.10f1/Editor/Data/MonoBleedingEdge/lib/mono/unityjit-win32'
Mono config path = 'C:/Program Files/Unity/Hub/Editor/6000.5.10f1/Editor/Data/MonoBleedingEdge/etc'
Using monoOptions --debugger-agent=transport=dt_socket,embedding=1,server=y,suspend=n,address=127.0.0.1:56588
CodeReloadManager initialized
Begin MonoManager ReloadAssembly
Registering precompiled unity dll's ...
Register platform support module: C:/Program Files/Unity/Hub/Editor/6000.5.10f1/Editor/Data/PlaybackEngines/WebGLSupport/UnityEditor.WebGL.Extensions.dll
Register platform support module: C:/Program Files/Unity/Hub/Editor/6000.5.10f1/Editor/Data/PlaybackEngines/WindowsStandaloneSupport/UnityEditor.WindowsStandalone.Extensions.dll
Registered in 0.007737 seconds.
Native extension for WindowsStandalone target not found
Native extension for WebGL target not found
Package Manager log level set to [2]
[Package Manager] Failed to launch server process. Reason: Unity was launched with the -noUpm command-line argument
[Package Manager] Unable to send message (not connected to server process).
[Package Manager] Cannot connect to Unity Package Manager local server
ScheduleIndexationOnStartup MainProcess:False IndexOnStartup:True
Mono: successfully reloaded assembly
- Finished resetting the current domain, in  0.536 seconds
Domain Reload Profiling: 1368ms
	BeginReloadAssembly (321ms)
	RebuildCommonClasses (8ms)
	RebuildNativeTypeToScriptingClass (24ms)
	initialDomainReloadingComplete (117ms)
	LoadAllAssembliesAndSetupDomain (361ms)
		LoadAssemblies (317ms)
		AnalyzeDomain (273ms)
			TypeCache.Refresh (271ms)
				TypeCache.ScanAssembly (256ms)
	FinalizeReload (537ms)
		SetupLoadedEditorAssemblies (0ms)
			InitializePlatformSupportModulesInManaged (3ms)
			BeforeProcessingInitializeOnLoad (94ms)
			ProcessInitializeOnLoadAttributes (98ms)
			ProcessInitializeOnLoadMethodAttributes (261ms)
Initializing Unity extensions:
[Licensing::Client] Successfully resolved entitlement details
[Licensing::Module] License group:
  Id: 9072437322849-UnityPersXXXX
  Product: Unity Personal
  Type: Assigned
  Expiration: Unlimited
========================================================================
Worker process is ready to serve import requests
Import Worker Mode flag is 0x00
Curl error 3: URL rejected: Malformed input to a URL function
Begin MonoManager ReloadAssembly
Refreshing native plugins compatible for Editor in 2.72 ms, found 5 plugins.
Native extension for WindowsStandalone target not found
Native extension for WebGL target not found
[Package Manager] Failed to launch server process. Reason: Unity was launched with the -noUpm command-line argument
[Package Manager] Unable to send message (not connected to server process).
[Package Manager] Cannot connect to Unity Package Manager local server
Refreshing native plugins compatible for Editor in 2.78 ms, found 5 plugins.
[Package Manager] Failed to launch server process. Reason: Unity was launched with the -noUpm command-line argument
[Package Manager] Unable to send message (not connected to server process).
[Package Manager] Cannot connect to Unity Package Manager local server
ScheduleIndexationOnStartup MainProcess:False IndexOnStartup:True
Mono: successfully reloaded assembly
- Finished resetting the current domain, in  0.899 seconds
Domain Reload Profiling: 1926ms
	BeginReloadAssembly (209ms)
		DisableScriptedObjects (12ms)
		CreateAndSetChildDomain (32ms)
	RebuildCommonClasses (8ms)
	RebuildNativeTypeToScriptingClass (16ms)
	initialDomainReloadingComplete (71ms)
	LoadAllAssembliesAndSetupDomain (722ms)
		LoadAssemblies (405ms)
		AnalyzeDomain (292ms)
			TypeCache.Refresh (191ms)
				TypeCache.ScanAssembly (175ms)
			BuildScriptInfoCaches (92ms)
			ResolveRequiredComponents (6ms)
	FinalizeReload (900ms)
		SetupLoadedEditorAssemblies (0ms)
			BeforeProcessingInitializeOnLoad (87ms)
			ProcessInitializeOnLoadAttributes (334ms)
			ProcessInitializeOnLoadMethodAttributes (258ms)
			AfterProcessingInitializeOnLoad (12ms)
		AwakeInstancesAfterBackupRestoration (8ms)
AcceleratorClientConnectionCallback - disconnected - :0
Launched and connected shader compiler UnityShaderCompiler.exe after 0.01 seconds
Refreshing native plugins compatible for Editor in 2.81 ms, found 5 plugins.
Unloading 22 Unused Serialized files (Serialized files now loaded: 0)
Curl error 3: URL rejected: Malformed input to a URL function
Unloading 7367 unused Assets / (6.8 MB). Loaded Objects now: 8397.
Memory consumption went from 362.4 MB to 355.6 MB.
Total: 10.813100 ms (FindLiveObjects: 0.865300 ms CreateObjectMapping: 1.228100 ms MarkObjects: 5.805400 ms  DeleteObjects: 2.912000 ms)

========================================================================
Received Prepare
AcceleratorClientConnectionCallback - disconnected - :0
Refreshing native plugins compatible for Editor in 2.88 ms, found 5 plugins.
Unloading 22 Unused Serialized files (Serialized files now loaded: 0)
Unloading 22 unused Assets / (2.6 MB). Loaded Objects now: 8397.
Memory consumption went from 354.3 MB to 351.7 MB.
Total: 5.912900 ms (FindLiveObjects: 0.434200 ms CreateObjectMapping: 0.289700 ms MarkObjects: 4.714800 ms  DeleteObjects: 0.473600 ms)

Prepare: number of updated asset objects reloaded= 0
========================================================================
Received Import Request.
  Time of request: 2026-09-10T16:07:51.318484Z
  Time since last request: 24555.45707639999819 seconds.
  importAddress: GUID: 2ef3c14c7f8cf1847beae01c42e3310a - Path: Assets/_Recovery/0 (1).unity - Importer: ScriptedImporter/UnityEditor.QuickSearchModule:UnityEditor.Search:ASIAI0B
Importing 'GUID: 2ef3c14c7f8cf1847beae01c42e3310a - Path: Assets/_Recovery/0 (1).unity - Importer: ScriptedImporter/UnityEditor.QuickSearchModule:UnityEditor.Search:ASIAI0B' with importer (ScriptedImporter : UnityEditor.QuickSearchModule:UnityEditor.Search:ASIAI0B)
Imported 'GUID: 2ef3c14c7f8cf1847beae01c42e3310a' -> (Import Result ID: '8e50ea16a065eb48c1cebac8a9fd7d38') in 0.086 seconds [static and dynamic dependencies]. Details - ImportResultOutputID=ced176124e3e932eb68285f6a63f3ad1 DependenciesID=3c9d94ba87c9228c7ac47fac7943e01c StaticDependenciesID=be158f23c00a3e633cf22ba866b3af00 
Number of updated asset objects reloaded before import = 0
Number of asset objects unloaded after import = 1
========================================================================
Received Import Request.
  Time of request: 2026-09-10T16:07:51.4294629Z
  Time since last request: 0.0120219 seconds.
  importAddress: GUID: 67652712e499bcd44a94493224d0d08e - Path: Assets/_Recovery/0 (6).unity - Importer: ScriptedImporter/UnityEditor.QuickSearchModule:UnityEditor.Search:ASIAI0B
Importing 'GUID: 67652712e499bcd44a94493224d0d08e - Path: Assets/_Recovery/0 (6).unity - Importer: ScriptedImporter/UnityEditor.QuickSearchModule:UnityEditor.Search:ASIAI0B' with importer (ScriptedImporter : UnityEditor.QuickSearchModule:UnityEditor.Search:ASIAI0B)
Imported 'GUID: 67652712e499bcd44a94493224d0d08e' -> (Import Result ID: '999d75ad3c08ba0cb5cd80fd6a3afa77') in 0.026 seconds [static and dynamic dependencies]. Details - ImportResultOutputID=aff786de41aec63a6a2e4096432e554c DependenciesID=bb513b00bca2715ab50d7be5d13875d6 StaticDependenciesID=158921c546277e27491c4faf8b54a9ae 
Number of updated asset objects reloaded before import = 0
Number of asset objects unloaded after import = 1
========================================================================
Received Import Request.
  Time of request: 2026-09-10T16:07:51.4712546Z
  Time since last request: 0.0004687 seconds.
  importAddress: GUID: 174f6bfacb32f1b4cbbf40eaebecc82e - Path: Assets/Scripts/TileBehavior.cs - Importer: ScriptedImporter/UnityEditor.QuickSearchModule:UnityEditor.Search:ASIAI0B
Importing 'GUID: 174f6bfacb32f1b4cbbf40eaebecc82e - Path: Assets/Scripts/TileBehavior.cs - Importer: ScriptedImporter/UnityEditor.QuickSearchModule:UnityEditor.Search:ASIAI0B' with importer (ScriptedImporter : UnityEditor.QuickSearchModule:UnityEditor.Search:ASIAI0B)
Imported 'GUID: 174f6bfacb32f1b4cbbf40eaebecc82e' -> (Import Result ID: 'd739c7ce991f0380fb3f1cfbf9b4b884') in 0.021 seconds [static and dynamic dependencies]. Details - ImportResultOutputID=3a615b73f748627f76b10b3875ae9674 DependenciesID=a815c09a4d52fc2320c3868460bb15d4 StaticDependenciesID=c07ec858a11812daefe507686c05ae01 
Number of updated asset objects reloaded before import = 0
Number of asset objects unloaded after import = 0
========================================================================
Received Import Request.
  Time of request: 2026-09-10T16:07:51.5085127Z
  Time since last request: 0.000538 seconds.
  importAddress: GUID: 060462fea717baf4fb83af91dceeed0c - Path: Assets/Scripts/GridBehavior.cs - Importer: ScriptedImporter/UnityEditor.QuickSearchModule:UnityEditor.Search:ASIAI0B
Importing 'GUID: 060462fea717baf4fb83af91dceeed0c - Path: Assets/Scripts/GridBehavior.cs - Importer: ScriptedImporter/UnityEditor.QuickSearchModule:UnityEditor.Search:ASIAI0B' with importer (ScriptedImporter : UnityEditor.QuickSearchModule:UnityEditor.Search:ASIAI0B)
Imported 'GUID: 060462fea717baf4fb83af91dceeed0c' -> (Import Result ID: 'c28df2a99ca991ccde400b01f3ae9a7d') in 0.004 seconds [static and dynamic dependencies]. Details - ImportResultOutputID=b602802dda4975d898eb9fe4bdf7ca26 DependenciesID=2129bb9dddcb05729a6a5107204a4441 StaticDependenciesID=18cfa20b811ae612a3a4048353cdeeb7 
Number of updated asset objects reloaded before import = 0
Number of asset objects unloaded after import = 0
========================================================================
Received Import Request.
  Time of request: 2026-09-10T16:07:51.5259063Z
  Time since last request: 0.0004318 seconds.
  importAddress: GUID: 3785d6f0722d40d4690b7930a25a6785 - Path: Assets/_Recovery/0 (5).unity - Importer: ScriptedImporter/UnityEditor.QuickSearchModule:UnityEditor.Search:ASIAI0B
Importing 'GUID: 3785d6f0722d40d4690b7930a25a6785 - Path: Assets/_Recovery/0 (5).unity - Importer: ScriptedImporter/UnityEditor.QuickSearchModule:UnityEditor.Search:ASIAI0B' with importer (ScriptedImporter : UnityEditor.QuickSearchModule:UnityEditor.Search:ASIAI0B)
Imported 'GUID: 3785d6f0722d40d4690b7930a25a6785' -> (Import Result ID: '5f9c89f5fabfa4e1680b9197d353f1ab') in 0.022 seconds [static and dynamic dependencies]. Details - ImportResultOutputID=1d7d1c7accc9a59847d4ae7e248f7582 DependenciesID=a24bd92c59e998d08943962b1f8e8fd0 StaticDependenciesID=1c4185e412a8cf8c09b81c40fc2f1ba3 
Number of updated asset objects reloaded before import = 0
Number of asset objects unloaded after import = 1
========================================================================
Received Import Request.
  Time of request: 2026-09-10T16:07:51.5610475Z
  Time since last request: 0.0007204 seconds.
  importAddress: GUID: 41321f2abdbabe745b4d149c6516d2f5 - Path: Assets/_Recovery - Importer: ScriptedImporter/UnityEditor.QuickSearchModule:UnityEditor.Search:ASIAI0B
Importing 'GUID: 41321f2abdbabe745b4d149c6516d2f5 - Path: Assets/_Recovery - Importer: ScriptedImporter/UnityEditor.QuickSearchModule:UnityEditor.Search:ASIAI0B' with importer (ScriptedImporter : UnityEditor.QuickSearchModule:UnityEditor.Search:ASIAI0B)
Imported 'GUID: 41321f2abdbabe745b4d149c6516d2f5' -> (Import Result ID: '87fffa84834105e1136281451d4bba3e') in 0.005 seconds [static and dynamic dependencies]. Details - ImportResultOutputID=5c24f90c9515beee6f8a76d59d3b43c1 DependenciesID=af1a2c9d51d74ba73e6408c916b2c66e StaticDependenciesID=b155c31e8ce7ffbfb99578900939c3ab 
Number of updated asset objects reloaded before import = 0
Number of asset objects unloaded after import = 1
========================================================================
Received Import Request.
  Time of request: 2026-09-10T16:07:51.5809586Z
  Time since last request: 0.0005677 seconds.
  importAddress: GUID: 65276211cdf2f374a9addef56e84cba4 - Path: Assets/Scripts/BoardBehavior.cs - Importer: ScriptedImporter/UnityEditor.QuickSearchModule:UnityEditor.Search:ASIAI0B
Importing 'GUID: 65276211cdf2f374a9addef56e84cba4 - Path: Assets/Scripts/BoardBehavior.cs - Importer: ScriptedImporter/UnityEditor.QuickSearchModule:UnityEditor.Search:ASIAI0B' with importer (ScriptedImporter : UnityEditor.QuickSearchModule:UnityEditor.Search:ASIAI0B)
Imported 'GUID: 65276211cdf2f374a9addef56e84cba4' -> (Import Result ID: 'c926820bf98e3b1dde614bcd8512bb19') in 0.012 seconds [static and dynamic dependencies]. Details - ImportResultOutputID=f2078c04d8147fa2daaf647cae8d9eab DependenciesID=ed8a9ea6e1be4fee32381e1cbcd7d0b8 StaticDependenciesID=afb370e92bfa912934fd6fc6b5c362e7 
Number of updated asset objects reloaded before import = 0
Number of asset objects unloaded after import = 0
========================================================================
Received Import Request.
  Time of request: 2026-09-10T16:07:51.6091257Z
  Time since last request: 0.0005181 seconds.
  importAddress: GUID: 35e3ea5748b749e4a98b12e1b8ed6e61 - Path: Assets/_Recovery/0.unity - Importer: ScriptedImporter/UnityEditor.QuickSearchModule:UnityEditor.Search:ASIAI0B
Importing 'GUID: 35e3ea5748b749e4a98b12e1b8ed6e61 - Path: Assets/_Recovery/0.unity - Importer: ScriptedImporter/UnityEditor.QuickSearchModule:UnityEditor.Search:ASIAI0B' with importer (ScriptedImporter : UnityEditor.QuickSearchModule:UnityEditor.Search:ASIAI0B)
Imported 'GUID: 35e3ea5748b749e4a98b12e1b8ed6e61' -> (Import Result ID: 'f14e320a42a553d5470171bcb94c5c22') in 0.018 seconds [static and dynamic dependencies]. Details - ImportResultOutputID=23303a922f8422dbdc95a9a277596664 DependenciesID=5d03a7f70e5814499f53f9f52cb13bd1 StaticDependenciesID=876b01d2799443f644ea568fd5cde231 
Number of updated asset objects reloaded before import = 0
Number of asset objects unloaded after import = 1
========================================================================
Received Import Request.
  Time of request: 2026-09-10T16:07:51.6435716Z
  Time since last request: 0.0004268 seconds.
  importAddress: GUID: 1af56204918b393479e7af737d9f91c8 - Path: Assets/_Recovery/0 (7).unity - Importer: ScriptedImporter/UnityEditor.QuickSearchModule:UnityEditor.Search:ASIAI0B
Importing 'GUID: 1af56204918b393479e7af737d9f91c8 - Path: Assets/_Recovery/0 (7).unity - Importer: ScriptedImporter/UnityEditor.QuickSearchModule:UnityEditor.Search:ASIAI0B' with importer (ScriptedImporter : UnityEditor.QuickSearchModule:UnityEditor.Search:ASIAI0B)
Imported 'GUID: 1af56204918b393479e7af737d9f91c8' -> (Import Result ID: 'd6c36e7ee3cc4b8ad33b1f7e3f2bf88f') in 0.015 seconds [static and dynamic dependencies]. Details - ImportResultOutputID=34753f6560b2d3674b92fdbec6ba7254 DependenciesID=1a457a52d2746f5378243230d77bac62 StaticDependenciesID=eb77360be1ed78b0697a72cb32d3f013 
Number of updated asset objects reloaded before import = 0
Number of asset objects unloaded after import = 1
========================================================================
Received Import Request.
  Time of request: 2026-09-10T16:07:51.6734513Z
  Time since last request: 0.000409 seconds.
  importAddress: GUID: da6a8c10b3cbf8a408f13aa02d1d60ba - Path: Assets/_Recovery/0 (4).unity - Importer: ScriptedImporter/UnityEditor.QuickSearchModule:UnityEditor.Search:ASIAI0B
Importing 'GUID: da6a8c10b3cbf8a408f13aa02d1d60ba - Path: Assets/_Recovery/0 (4).unity - Importer: ScriptedImporter/UnityEditor.QuickSearchModule:UnityEditor.Search:ASIAI0B' with importer (ScriptedImporter : UnityEditor.QuickSearchModule:UnityEditor.Search:ASIAI0B)
Imported 'GUID: da6a8c10b3cbf8a408f13aa02d1d60ba' -> (Import Result ID: 'e0d6702375282555688875fe84e88705') in 0.014 seconds [static and dynamic dependencies]. Details - ImportResultOutputID=9b2942363085c2255df2c7be348b767b DependenciesID=1d80f8af01e094be74b5624af66d9843 StaticDependenciesID=1fac38efdd24c5780451fa0d91d9f51f 
Number of updated asset objects reloaded before import = 0
Number of asset objects unloaded after import = 1
========================================================================
Received Import Request.
  Time of request: 2026-09-10T16:07:51.7003688Z
  Time since last request: 0.0004274 seconds.
  importAddress: GUID: ef769677c5c465f4a95b2c8ea99718b4 - Path: Assets/_Recovery/0 (8).unity - Importer: ScriptedImporter/UnityEditor.QuickSearchModule:UnityEditor.Search:ASIAI0B
Importing 'GUID: ef769677c5c465f4a95b2c8ea99718b4 - Path: Assets/_Recovery/0 (8).unity - Importer: ScriptedImporter/UnityEditor.QuickSearchModule:UnityEditor.Search:ASIAI0B' with importer (ScriptedImporter : UnityEditor.QuickSearchModule:UnityEditor.Search:ASIAI0B)
Imported 'GUID: ef769677c5c465f4a95b2c8ea99718b4' -> (Import Result ID: '37f4b472bc76beed45da713caa43b272') in 0.012 seconds [static and dynamic dependencies]. Details - ImportResultOutputID=e7857af961e31e4aec4cc4c8c51aa882 DependenciesID=c9a40691320b673d0f2516c0fa252c33 StaticDependenciesID=0345eea6fef26f18cc1a1e9ddfd18c47 
Number of updated asset objects reloaded before import = 0
Number of asset objects unloaded after import = 1
========================================================================
Received Import Request.
  Time of request: 2026-09-10T16:07:51.7244802Z
  Time since last request: 0.0003438 seconds.
  importAddress: GUID: 99cdad5f897156d4c9fe9d32b033212b - Path: Assets/_Recovery/0 (3).unity - Importer: ScriptedImporter/UnityEditor.QuickSearchModule:UnityEditor.Search:ASIAI0B
Importing 'GUID: 99cdad5f897156d4c9fe9d32b033212b - Path: Assets/_Recovery/0 (3).unity - Importer: ScriptedImporter/UnityEditor.QuickSearchModule:UnityEditor.Search:ASIAI0B' with importer (ScriptedImporter : UnityEditor.QuickSearchModule:UnityEditor.Search:ASIAI0B)
Imported 'GUID: 99cdad5f897156d4c9fe9d32b033212b' -> (Import Result ID: 'ed0d0b6432cbc0e1f58fff9ed19e8e2d') in 0.014 seconds [static and dynamic dependencies]. Details - ImportResultOutputID=0da59e3b0e455a85122614a4a151db37 DependenciesID=750237dd79b13f25df8e0dd3bc71a654 StaticDependenciesID=d73c25227795e405bd535fd61cceab06 
Number of updated asset objects reloaded before import = 0
Number of asset objects unloaded after import = 1
========================================================================
Received Import Request.
  Time of request: 2026-09-10T16:07:51.7511659Z
  Time since last request: 0.000403 seconds.
  importAddress: GUID: 699895dca6309d84f86ff8cf76580a5d - Path: Assets/_Recovery/0 (2).unity - Importer: ScriptedImporter/UnityEditor.QuickSearchModule:UnityEditor.Search:ASIAI0B
Importing 'GUID: 699895dca6309d84f86ff8cf76580a5d - Path: Assets/_Recovery/0 (2).unity - Importer: ScriptedImporter/UnityEditor.QuickSearchModule:UnityEditor.Search:ASIAI0B' with importer (ScriptedImporter : UnityEditor.QuickSearchModule:UnityEditor.Search:ASIAI0B)
Imported 'GUID: 699895dca6309d84f86ff8cf76580a5d' -> (Import Result ID: '6afc5efba7889d08890445bfe8ad368d') in 0.015 seconds [static and dynamic dependencies]. Details - ImportResultOutputID=6aaef83e73cb65e955cb68610f768c33 DependenciesID=c4bde0058e11cdf7d48066efbecd8fc1 StaticDependenciesID=92feca4084492f110a84836312c5fa5a 
Number of updated asset objects reloaded before import = 0
Number of asset objects unloaded after import = 1
Editor requested this worker to shutdown with reason: Scaling down because of idle timeout
AcceleratorClientConnectionCallback - disconnected - :0
AssetImportWorker is now disconnected from the server
Process exiting
Exiting without the bug reporter. Application will terminate with return code 0