[Licensing::Module] Trying to connect to existing licensing client channel...
Built from '6000.5/staging' branch; Version is '6000.5.10f1 (3bd4f66ad299) revision 3921142'; Using compiler version '194234433'; Build Type 'Release'
OS: 'Windows 11  (10.0.26200) Core' Language: 'fr' Physical Memory: 16307 MB
BatchMode: 1, IsHumanControllingUs: 0, StartBugReporterOnCrash: 0, Is64bit: 1
System  architecture: x64
[Licensing::IpcConnector] Successfully connected to: "LicenseClient-victo" at "2026-09-11T10:43:13.9262098Z"
Process architecture: x64
Date: 2026-09-11T10:43:13Z
[Licensing::Client] Code 10 while verifying Licensing Client signature (process Id: 16180, path: "C:/Program Files/Unity Hub/UnityLicensingClient_V1/Unity.Licensing.Client.exe")
[Licensing::Module] LicensingClient has failed validation; ignoring
[Licensing::Client] Handshaking with LicensingClient:
  Version:                 1.18.3+d7ffd15
  Session Id:              b8ae7d11e5bf43228b40df309ad69351
  Correlation Id:          1b6969f4703953c8c960eaa8a54ec979
  External correlation Id: 5392301404954446016
  Machine Id:              7y1NJRQTZS1N0Fi4xzkaA1oQZqQ=
[Licensing::Module] Successfully connected to LicensingClient on channel: "LicenseClient-victo" (connect: 0.00s, validation: 0.00s, handshake: 0.05s)
[Licensing::IpcConnector] Successfully connected to: "LicenseClient-victo-notifications" at "2026-09-11T10:43:13.9777127Z"
[Licensing::Module] Licensing Background thread has ended after 0.05s

COMMAND LINE ARGUMENTS:
C:\Program Files\Unity\Hub\Editor\6000.5.10f1\Editor\Unity.exe
-adb2
-batchMode
-noUpm
-name
AssetImportWorkerHW3
-projectPath
C:/Users/victo/Desktop/Code/POO/Cursus/2-Copy_code/03_Unity_Solos/02_2048_Reloaded
-logFile
Logs/AssetImportWorkerHW3.log
-srvPort
51294
-parentPid
19448
-analyticsCloudUserId
9072437322849
-analyticsCloudProjectId
87d49476-8ac2-47b9-ac92-d36bfea90eb0
-analyticsLocalProjectId
66a6adfeb90483c48ba34cfe5a8dc8e3
-editorAnalyticsEnabled
1
-cbmEditorLicense
85b739bd47fc74837574dc0803921ff699c31709
-cbmMachineId
7y1NJRQTZS1N0Fi4xzkaA1oQZqQ=
-licensingIpc
LicenseClient-victo
-noDiagnosticSwitchPersistentStore
-job-worker-count
5
-background-job-worker-count
8
-asset-garbage-collectors
1
-force-d3d12
-name
AssetImport
Successfully changed project path to: C:/Users/victo/Desktop/Code/POO/Cursus/2-Copy_code/03_Unity_Solos/02_2048_Reloaded
C:/Users/victo/Desktop/Code/POO/Cursus/2-Copy_code/03_Unity_Solos/02_2048_Reloaded
[UnityMemory] Configuration Parameters - Can be set up in boot.config
    "memorysetup-temp-allocator-size-gi-baking-worker=262144"
    "memorysetup-temp-allocator-size-gi-baking-worker=262144"
    "memorysetup-temp-allocator-size-gi-baking-worker=262144"
    "memorysetup-temp-allocator-size-gi-baking-worker=262144"
    "memorysetup-temp-allocator-size-gi-baking-worker=262144"
    "memorysetup-temp-allocator-size-nav-mesh-worker=65536"
    "memorysetup-temp-allocator-size-audio-worker=65536"
    "memorysetup-temp-allocator-size-cloud-worker=32768"
    "memorysetup-temp-allocator-size-gfx=262144"
    "memorysetup-remapper-allocator-initial-capacity=32768"
    "memorysetup-temp-allocator-size-preload-manager=33554432"
    "memorysetup-allocator-temp-initial-block-size-main=262144"
    "memorysetup-allocator-temp-initial-block-size-worker=262144"
    "memorysetup-temp-allocator-size-job-worker=262144"
    "memorysetup-temp-allocator-size-background-worker=32768"
    "memorysetup-bucket-allocator-granularity=16"
    "memorysetup-bucket-allocator-bucket-count=8"
    "memorysetup-bucket-allocator-block-size=33554432"
    "memorysetup-bucket-allocator-block-count=8"
    "memorysetup-main-allocator-block-size=16777216"
    "memorysetup-thread-allocator-block-size=16777216"
    "memorysetup-main-allocator-mimalloc-enabled=0"
    "memorysetup-gfx-main-allocator-block-size=16777216"
    "memorysetup-gfx-thread-allocator-block-size=16777216"
    "memorysetup-cache-allocator-block-size=4194304"
    "memorysetup-typetree-allocator-block-size=2097152"
    "memorysetup-profiler-bucket-allocator-granularity=16"
    "memorysetup-profiler-bucket-allocator-bucket-count=8"
    "memorysetup-profiler-bucket-allocator-block-size=33554432"
    "memorysetup-profiler-bucket-allocator-block-count=8"
    "memorysetup-profiler-allocator-block-size=16777216"
    "memorysetup-profiler-editor-allocator-block-size=1048576"
    "memorysetup-temp-allocator-size-main=16777216"
    "memorysetup-job-temp-allocator-block-size=2097152"
    "memorysetup-job-temp-allocator-block-size-background=1048576"
    "memorysetup-job-temp-allocator-reduction-small-platforms=262144"
Player connection [19012]  Target information:

Player connection [19012]  * "[IP] 192.168.1.62 [Port] 0 [Flags] 2 [Guid] 3267523402 [EditorId] 3267523402 [Version] 1048832 [Id] WindowsEditor(7,DESKTOP-O8CJAGR) [Debug] 1 [PackageName] WindowsEditor [ProjectName] Editor" 

Player connection [19012]  * "[IP] 192.168.56.1 [Port] 0 [Flags] 2 [Guid] 3267523402 [EditorId] 3267523402 [Version] 1048832 [Id] WindowsEditor(7,DESKTOP-O8CJAGR) [Debug] 1 [PackageName] WindowsEditor [ProjectName] Editor" 

Player connection [19012] Host joined multi-casting on [225.0.0.222:54997]...
Player connection [19012] Host joined alternative multi-casting on [225.0.0.222:34997]...
JobSystem: Creating JobQueue using job-worker-count value 5
Input System module state changed to: Initialized.
[Physics::Module] Initialized fallback backend.
[Physics::Module] Id: 0xdecafbad
Library Redirect Path: Library/
[Physics::Module] Selected backend.
[Physics::Module] Name: PhysX
[Physics::Module] Id: 0xf2b8ea05
[Physics::Module] SDK Version: 4.1.2
[Physics::Module] Integration Version: 1.0.0
[Physics::Module] Threading Mode: Multi-Threaded
Refreshing native plugins compatible for Editor in 6.05 ms, found 5 plugins.
Initialize engine version: 6000.5.10f1 (3bd4f66ad299)
[Subsystems] Discovering subsystems at path C:/Program Files/Unity/Hub/Editor/6000.5.10f1/Editor/Data/Resources/UnitySubsystems
[Subsystems] Discovering subsystems at path C:/Users/victo/Desktop/Code/POO/Cursus/2-Copy_code/03_Unity_Solos/02_2048_Reloaded/Assets
Forcing GfxDevice: Direct3D 12
GfxDevice: creating device client; kGfxThreadingModeNonThreaded
d3d12: failed to query info queue interface (0x80004002).
Direct3D:
    Version:         Direct3D 12 [level 12.2]
    Renderer:        NVIDIA GeForce RTX 3060 Ti (ID=0x2489)
    Vendor:          NVIDIA
    VRAM:            8024 MB
    App VRAM Budget: 7256 MB
    Driver:          32.0.15.9186
Initialize mono
Mono path[0] = 'C:/Program Files/Unity/Hub/Editor/6000.5.10f1/Editor/Data/Managed'
Mono path[1] = 'C:/Program Files/Unity/Hub/Editor/6000.5.10f1/Editor/Data/BCLExtensions/runtime/netstandard2.1'
Mono path[2] = 'C:/Program Files/Unity/Hub/Editor/6000.5.10f1/Editor/Data/MonoBleedingEdge/lib/mono/unityjit-win32'
Mono config path = 'C:/Program Files/Unity/Hub/Editor/6000.5.10f1/Editor/Data/MonoBleedingEdge/etc'
Using monoOptions --debugger-agent=transport=dt_socket,embedding=1,server=y,suspend=n,address=127.0.0.1:56252
CodeReloadManager initialized
Begin MonoManager ReloadAssembly
Registering precompiled unity dll's ...
Register platform support module: C:/Program Files/Unity/Hub/Editor/6000.5.10f1/Editor/Data/PlaybackEngines/WebGLSupport/UnityEditor.WebGL.Extensions.dll
Register platform support module: C:/Program Files/Unity/Hub/Editor/6000.5.10f1/Editor/Data/PlaybackEngines/WindowsStandaloneSupport/UnityEditor.WindowsStandalone.Extensions.dll
Registered in 0.003234 seconds.
Native extension for WindowsStandalone target not found
Native extension for WebGL target not found
Package Manager log level set to [2]
[Package Manager] Failed to launch server process. Reason: Unity was launched with the -noUpm command-line argument
[Package Manager] Unable to send message (not connected to server process).
[Package Manager] Cannot connect to Unity Package Manager local server
ScheduleIndexationOnStartup MainProcess:False IndexOnStartup:True
Mono: successfully reloaded assembly
- Finished resetting the current domain, in  0.495 seconds
Domain Reload Profiling: 1022ms
	BeginReloadAssembly (148ms)
	RebuildCommonClasses (6ms)
	RebuildNativeTypeToScriptingClass (17ms)
	initialDomainReloadingComplete (71ms)
	LoadAllAssembliesAndSetupDomain (286ms)
		LoadAssemblies (142ms)
		AnalyzeDomain (198ms)
			TypeCache.Refresh (197ms)
				TypeCache.ScanAssembly (182ms)
	FinalizeReload (496ms)
		SetupLoadedEditorAssemblies (0ms)
			InitializePlatformSupportModulesInManaged (3ms)
			BeforeProcessingInitializeOnLoad (85ms)
			ProcessInitializeOnLoadAttributes (104ms)
			ProcessInitializeOnLoadMethodAttributes (230ms)
Initializing Unity extensions:
[Licensing::Client] Successfully resolved entitlement details
[Licensing::Module] License group:
  Id: 9072437322849-UnityPersXXXX
  Product: Unity Personal
  Type: Assigned
  Expiration: Unlimited
========================================================================
Worker process is ready to serve import requests
Import Worker Mode flag is 0x00
Begin MonoManager ReloadAssembly
Refreshing native plugins compatible for Editor in 2.71 ms, found 5 plugins.
Native extension for WindowsStandalone target not found
Native extension for WebGL target not found
[Package Manager] Failed to launch server process. Reason: Unity was launched with the -noUpm command-line argument
[Package Manager] Unable to send message (not connected to server process).
[Package Manager] Cannot connect to Unity Package Manager local server
Refreshing native plugins compatible for Editor in 2.81 ms, found 5 plugins.
[Package Manager] Failed to launch server process. Reason: Unity was launched with the -noUpm command-line argument
[Package Manager] Unable to send message (not connected to server process).
[Package Manager] Cannot connect to Unity Package Manager local server
ScheduleIndexationOnStartup MainProcess:False IndexOnStartup:True
Mono: successfully reloaded assembly
- Finished resetting the current domain, in  0.808 seconds
Domain Reload Profiling: 1753ms
	BeginReloadAssembly (191ms)
		DisableScriptedObjects (10ms)
		CreateAndSetChildDomain (30ms)
	RebuildCommonClasses (7ms)
	RebuildNativeTypeToScriptingClass (15ms)
	initialDomainReloadingComplete (68ms)
	LoadAllAssembliesAndSetupDomain (663ms)
		LoadAssemblies (381ms)
		AnalyzeDomain (255ms)
			TypeCache.Refresh (167ms)
				TypeCache.ScanAssembly (152ms)
			BuildScriptInfoCaches (81ms)
			ResolveRequiredComponents (5ms)
	FinalizeReload (809ms)
		SetupLoadedEditorAssemblies (0ms)
			BeforeProcessingInitializeOnLoad (80ms)
			ProcessInitializeOnLoadAttributes (302ms)
			ProcessInitializeOnLoadMethodAttributes (233ms)
			AfterProcessingInitializeOnLoad (9ms)
		AwakeInstancesAfterBackupRestoration (7ms)
AcceleratorClientConnectionCallback - disconnected - :0
Launched and connected shader compiler UnityShaderCompiler.exe after 0.01 seconds
Refreshing native plugins compatible for Editor in 2.64 ms, found 5 plugins.
Unloading 22 Unused Serialized files (Serialized files now loaded: 0)
Curl error 3: URL rejected: Malformed input to a URL function
Unloading 7367 unused Assets / (6.6 MB). Loaded Objects now: 8397.
Memory consumption went from 361.0 MB to 354.4 MB.
Total: 9.933200 ms (FindLiveObjects: 0.814500 ms CreateObjectMapping: 1.144500 ms MarkObjects: 5.308600 ms  DeleteObjects: 2.663600 ms)

========================================================================
Received Import Request.
  Time of request: 2026-09-11T17:28:51.8536959Z
  Time since last request: 30775.99288240000169 seconds.
  importAddress: GUID: 44c416fde68735d4a89872ecfe46b239 - Path: Assets/Prefabs/Tile.prefab - Importer: PreviewImporter
Importing 'GUID: 44c416fde68735d4a89872ecfe46b239 - Path: Assets/Prefabs/Tile.prefab - Importer: PreviewImporter' with importer (PreviewImporter)
Imported 'GUID: 44c416fde68735d4a89872ecfe46b239' -> (Import Result ID: '1ab2f395847ac896023c1efb4ae02103') in 0.407 seconds [static and dynamic dependencies]. Details - ImportResultOutputID=1ab8ef999d10ab1962740033f0133c11 DependenciesID=9e94d2a1f5877c864b7b2f760d373ca9 StaticDependenciesID=5ec4647bff142a9cec61564ded3720bf 
Number of updated asset objects reloaded before import = 0
Number of asset objects unloaded after import = 20
========================================================================
Received Prepare
AcceleratorClientConnectionCallback - disconnected - :0
Refreshing native plugins compatible for Editor in 4.76 ms, found 5 plugins.
Unloading 22 Unused Serialized files (Serialized files now loaded: 0)
Unloading 22 unused Assets / (2.6 MB). Loaded Objects now: 8400.
Memory consumption went from 354.6 MB to 352.0 MB.
Total: 50.212700 ms (FindLiveObjects: 2.905400 ms CreateObjectMapping: 0.525000 ms MarkObjects: 46.209800 ms  DeleteObjects: 0.570700 ms)

Prepare: number of updated asset objects reloaded= 0
========================================================================
Received Import Request.
  Time of request: 2026-09-11T17:29:01.6219135Z
  Time since last request: 8.9864765 seconds.
  importAddress: GUID: 44c416fde68735d4a89872ecfe46b239 - Path: Assets/Prefabs/Tile.prefab - Importer: PreviewImporter
Importing 'GUID: 44c416fde68735d4a89872ecfe46b239 - Path: Assets/Prefabs/Tile.prefab - Importer: PreviewImporter' with importer (PreviewImporter)
Imported 'GUID: 44c416fde68735d4a89872ecfe46b239' -> (Import Result ID: '8fcca75c03c4c3c3f13f4833039335d0') in 0.024 seconds [static and dynamic dependencies]. Details - ImportResultOutputID=1ab8ef999d10ab1962740033f0133c11 DependenciesID=f6896232a389554081c8276db2ad8110 StaticDependenciesID=3d66d458c22963398d74f15f86de3fbe 
Number of updated asset objects reloaded before import = 0
Number of asset objects unloaded after import = 20
========================================================================
Received Import Request.
  Time of request: 2026-09-11T17:29:06.6300543Z
  Time since last request: 4.9732848 seconds.
  importAddress: GUID: 44c416fde68735d4a89872ecfe46b239 - Path: Assets/Prefabs/Tile.prefab - Importer: ScriptedImporter/UnityEditor.QuickSearchModule:UnityEditor.Search:ASIAI0B
Importing 'GUID: 44c416fde68735d4a89872ecfe46b239 - Path: Assets/Prefabs/Tile.prefab - Importer: ScriptedImporter/UnityEditor.QuickSearchModule:UnityEditor.Search:ASIAI0B' with importer (ScriptedImporter : UnityEditor.QuickSearchModule:UnityEditor.Search:ASIAI0B)
Imported 'GUID: 44c416fde68735d4a89872ecfe46b239' -> (Import Result ID: '32826efe17033ce4f37fc127fcbf7cea') in 0.176 seconds [static and dynamic dependencies]. Details - ImportResultOutputID=9b0c7cec2131d5fd346254a5195a5f5f DependenciesID=1595eb36f015c8783a14c0e160d2f427 StaticDependenciesID=fdd04b4804cc3ac4cf7b07af8a5f0eed 
Number of updated asset objects reloaded before import = 0
Number of asset objects unloaded after import = 20
========================================================================
Received Prepare
AcceleratorClientConnectionCallback - disconnected - :0
Refreshing native plugins compatible for Editor in 3.35 ms, found 5 plugins.
Unloading 22 Unused Serialized files (Serialized files now loaded: 0)
Unloading 22 unused Assets / (2.6 MB). Loaded Objects now: 8400.
Memory consumption went from 357.2 MB to 354.5 MB.
Total: 8.719400 ms (FindLiveObjects: 0.501900 ms CreateObjectMapping: 0.551500 ms MarkObjects: 6.850200 ms  DeleteObjects: 0.814800 ms)

Prepare: number of updated asset objects reloaded= 0
========================================================================
Received Import Request.
  Time of request: 2026-09-11T17:29:14.0783002Z
  Time since last request: 7.2599207 seconds.
  importAddress: GUID: 44c416fde68735d4a89872ecfe46b239 - Path: Assets/Prefabs/Tile.prefab - Importer: ScriptedImporter/UnityEditor.QuickSearchModule:UnityEditor.Search:ASIAI0B
Importing 'GUID: 44c416fde68735d4a89872ecfe46b239 - Path: Assets/Prefabs/Tile.prefab - Importer: ScriptedImporter/UnityEditor.QuickSearchModule:UnityEditor.Search:ASIAI0B' with importer (ScriptedImporter : UnityEditor.QuickSearchModule:UnityEditor.Search:ASIAI0B)
Imported 'GUID: 44c416fde68735d4a89872ecfe46b239' -> (Import Result ID: 'eb4b823cc5a5d28135a2a92d0bc6eb40') in 0.021 seconds [static and dynamic dependencies]. Details - ImportResultOutputID=bf0cd2a1380f1c8685a1e53c430f276a DependenciesID=7be46b0c66606761d21007d6d217cb6f StaticDependenciesID=7b2df7a4138ed4195bf093eda5ab4f62 
Number of updated asset objects reloaded before import = 0
Number of asset objects unloaded after import = 20
========================================================================
Received Prepare
AcceleratorClientConnectionCallback - disconnected - :0
Refreshing native plugins compatible for Editor in 2.96 ms, found 5 plugins.
Unloading 22 Unused Serialized files (Serialized files now loaded: 0)
Unloading 22 unused Assets / (2.6 MB). Loaded Objects now: 8400.
Memory consumption went from 360.2 MB to 357.6 MB.
Total: 8.755700 ms (FindLiveObjects: 0.710500 ms CreateObjectMapping: 0.672400 ms MarkObjects: 6.768900 ms  DeleteObjects: 0.603200 ms)

Prepare: number of updated asset objects reloaded= 0
========================================================================
Received Import Request.
  Time of request: 2026-09-11T17:29:16.7303626Z
  Time since last request: 2.6172875 seconds.
  importAddress: GUID: 44c416fde68735d4a89872ecfe46b239 - Path: Assets/Prefabs/Tile.prefab - Importer: PreviewImporter
Importing 'GUID: 44c416fde68735d4a89872ecfe46b239 - Path: Assets/Prefabs/Tile.prefab - Importer: PreviewImporter' with importer (PreviewImporter)
Imported 'GUID: 44c416fde68735d4a89872ecfe46b239' -> (Import Result ID: '4b4fc4252b9c703f01b5fab6e0db9fc5') in 0.018 seconds [static and dynamic dependencies]. Details - ImportResultOutputID=1ab8ef999d10ab1962740033f0133c11 DependenciesID=cfc580a0176a22c4d6ba6793fb4c1d80 StaticDependenciesID=b20625a56989c4840e967ffca4f43a68 
Number of updated asset objects reloaded before import = 0
Number of asset objects unloaded after import = 20
========================================================================
Received Import Request.
  Time of request: 2026-09-11T17:29:29.3836972Z
  Time since last request: 12.6248546 seconds.
  importAddress: GUID: 44c416fde68735d4a89872ecfe46b239 - Path: Assets/Prefabs/Tile.prefab - Importer: ScriptedImporter/UnityEditor.QuickSearchModule:UnityEditor.Search:ASIAI0B
Importing 'GUID: 44c416fde68735d4a89872ecfe46b239 - Path: Assets/Prefabs/Tile.prefab - Importer: ScriptedImporter/UnityEditor.QuickSearchModule:UnityEditor.Search:ASIAI0B' with importer (ScriptedImporter : UnityEditor.QuickSearchModule:UnityEditor.Search:ASIAI0B)
Imported 'GUID: 44c416fde68735d4a89872ecfe46b239' -> (Import Result ID: '86f47e784447bac508932c3dae02b2b5') in 0.023 seconds [static and dynamic dependencies]. Details - ImportResultOutputID=57b52cda0905df12f1c08be2d68315f5 DependenciesID=8e1a60fe65164c286b4f6d26a7efe0aa StaticDependenciesID=72b3b84f8720502b745d07bede6595c5 
Number of updated asset objects reloaded before import = 0
Number of asset objects unloaded after import = 20
========================================================================
Received Prepare
AcceleratorClientConnectionCallback - disconnected - :0
Refreshing native plugins compatible for Editor in 3.18 ms, found 5 plugins.
Unloading 22 Unused Serialized files (Serialized files now loaded: 0)
Unloading 22 unused Assets / (2.6 MB). Loaded Objects now: 8400.
Memory consumption went from 357.2 MB to 354.6 MB.
Total: 8.251100 ms (FindLiveObjects: 0.489600 ms CreateObjectMapping: 0.587400 ms MarkObjects: 6.611500 ms  DeleteObjects: 0.561400 ms)

Prepare: number of updated asset objects reloaded= 0
========================================================================
Received Import Request.
  Time of request: 2026-09-11T17:29:39.9095824Z
  Time since last request: 10.4918517 seconds.
  importAddress: GUID: 44c416fde68735d4a89872ecfe46b239 - Path: Assets/Prefabs/Tile.prefab - Importer: ScriptedImporter/UnityEditor.QuickSearchModule:UnityEditor.Search:ASIAI0B
Importing 'GUID: 44c416fde68735d4a89872ecfe46b239 - Path: Assets/Prefabs/Tile.prefab - Importer: ScriptedImporter/UnityEditor.QuickSearchModule:UnityEditor.Search:ASIAI0B' with importer (ScriptedImporter : UnityEditor.QuickSearchModule:UnityEditor.Search:ASIAI0B)
Imported 'GUID: 44c416fde68735d4a89872ecfe46b239' -> (Import Result ID: '69f572a79ec77342af1bd1cf62926a14') in 0.027 seconds [static and dynamic dependencies]. Details - ImportResultOutputID=fefb6bb92139112580f85a39a846ec8e DependenciesID=9f96955d0d1a6f79675799aef9fd7b28 StaticDependenciesID=a52c25c291c789ec1f7e33f88b0d96cf 
Number of updated asset objects reloaded before import = 0
Number of asset objects unloaded after import = 20
Editor requested this worker to shutdown with reason: Editor is closing down
AcceleratorClientConnectionCallback - disconnected - :0
AssetImportWorker is now disconnected from the server
Process exiting
Exiting without the bug reporter. Application will terminate with return code 0