[Licensing::Module] Trying to connect to existing licensing client channel...
Built from '6000.5/staging' branch; Version is '6000.5.10f1 (3bd4f66ad299) revision 3921142'; Using compiler version '194234433'; Build Type 'Release'
OS: 'Windows 11  (10.0.26200) Core' Language: 'fr' Physical Memory: 16307 MB
[Licensing::IpcConnector] Successfully connected to: "LicenseClient-victo" at "2026-09-11T10:38:40.8282651Z"
BatchMode: 1, IsHumanControllingUs: 0, StartBugReporterOnCrash: 0, Is64bit: 1
System  architecture: x64
Process architecture: x64
Date: 2026-09-11T10:38:40Z
[Licensing::Client] Code 10 while verifying Licensing Client signature (process Id: 16180, path: "C:/Program Files/Unity Hub/UnityLicensingClient_V1/Unity.Licensing.Client.exe")
[Licensing::Module] LicensingClient has failed validation; ignoring
[Licensing::Client] Handshaking with LicensingClient:
  Version:                 1.18.3+d7ffd15
  Session Id:              f783404d02f54789a4d3ea05485ca544
  Correlation Id:          1b6969f4703953c8c960eaa8a54ec979
  External correlation Id: 8145397102408615391
  Machine Id:              7y1NJRQTZS1N0Fi4xzkaA1oQZqQ=
[Licensing::Module] Successfully connected to LicensingClient on channel: "LicenseClient-victo" (connect: 0.00s, validation: 0.00s, handshake: 0.04s)
[Licensing::IpcConnector] Successfully connected to: "LicenseClient-victo-notifications" at "2026-09-11T10:38:40.8726319Z"
[Licensing::Module] Licensing Background thread has ended after 0.04s

COMMAND LINE ARGUMENTS:
C:\Program Files\Unity\Hub\Editor\6000.5.10f1\Editor\Unity.exe
-adb2
-batchMode
-noUpm
-name
AssetImportWorkerHW0
-projectPath
C:/Users/victo/Desktop/Code/POO/Cursus/2-Copy_code/03_Unity_Solos/02_2048_Reloaded
-logFile
Logs/AssetImportWorkerHW0.log
-srvPort
51294
-parentPid
19448
-analyticsCloudUserId
anonymous
-analyticsCloudProjectId
87d49476-8ac2-47b9-ac92-d36bfea90eb0
-analyticsLocalProjectId
66a6adfeb90483c48ba34cfe5a8dc8e3
-editorAnalyticsEnabled
1
-cbmEditorLicense
85b739bd47fc74837574dc0803921ff699c31709
-cbmMachineId
7y1NJRQTZS1N0Fi4xzkaA1oQZqQ=
-licensingIpc
LicenseClient-victo
-noDiagnosticSwitchPersistentStore
-job-worker-count
5
-background-job-worker-count
8
-asset-garbage-collectors
1
-force-d3d12
-name
AssetImport
Successfully changed project path to: C:/Users/victo/Desktop/Code/POO/Cursus/2-Copy_code/03_Unity_Solos/02_2048_Reloaded
C:/Users/victo/Desktop/Code/POO/Cursus/2-Copy_code/03_Unity_Solos/02_2048_Reloaded
[UnityMemory] Configuration Parameters - Can be set up in boot.config
    "memorysetup-temp-allocator-size-gi-baking-worker=262144"
    "memorysetup-temp-allocator-size-gi-baking-worker=262144"
    "memorysetup-temp-allocator-size-gi-baking-worker=262144"
    "memorysetup-temp-allocator-size-gi-baking-worker=262144"
    "memorysetup-temp-allocator-size-gi-baking-worker=262144"
    "memorysetup-temp-allocator-size-nav-mesh-worker=65536"
    "memorysetup-temp-allocator-size-audio-worker=65536"
    "memorysetup-temp-allocator-size-cloud-worker=32768"
    "memorysetup-temp-allocator-size-gfx=262144"
    "memorysetup-remapper-allocator-initial-capacity=32768"
    "memorysetup-temp-allocator-size-preload-manager=33554432"
    "memorysetup-allocator-temp-initial-block-size-main=262144"
    "memorysetup-allocator-temp-initial-block-size-worker=262144"
    "memorysetup-temp-allocator-size-job-worker=262144"
    "memorysetup-temp-allocator-size-background-worker=32768"
    "memorysetup-bucket-allocator-granularity=16"
    "memorysetup-bucket-allocator-bucket-count=8"
    "memorysetup-bucket-allocator-block-size=33554432"
    "memorysetup-bucket-allocator-block-count=8"
    "memorysetup-main-allocator-block-size=16777216"
    "memorysetup-thread-allocator-block-size=16777216"
    "memorysetup-main-allocator-mimalloc-enabled=0"
    "memorysetup-gfx-main-allocator-block-size=16777216"
    "memorysetup-gfx-thread-allocator-block-size=16777216"
    "memorysetup-cache-allocator-block-size=4194304"
    "memorysetup-typetree-allocator-block-size=2097152"
    "memorysetup-profiler-bucket-allocator-granularity=16"
    "memorysetup-profiler-bucket-allocator-bucket-count=8"
    "memorysetup-profiler-bucket-allocator-block-size=33554432"
    "memorysetup-profiler-bucket-allocator-block-count=8"
    "memorysetup-profiler-allocator-block-size=16777216"
    "memorysetup-profiler-editor-allocator-block-size=1048576"
    "memorysetup-temp-allocator-size-main=16777216"
    "memorysetup-job-temp-allocator-block-size=2097152"
    "memorysetup-job-temp-allocator-block-size-background=1048576"
    "memorysetup-job-temp-allocator-reduction-small-platforms=262144"
Player connection [18064]  Target information:

Player connection [18064]  * "[IP] 192.168.1.62 [Port] 0 [Flags] 2 [Guid] 2939161160 [EditorId] 2939161160 [Version] 1048832 [Id] WindowsEditor(7,DESKTOP-O8CJAGR) [Debug] 1 [PackageName] WindowsEditor [ProjectName] Editor" 

Player connection [18064]  * "[IP] 192.168.56.1 [Port] 0 [Flags] 2 [Guid] 2939161160 [EditorId] 2939161160 [Version] 1048832 [Id] WindowsEditor(7,DESKTOP-O8CJAGR) [Debug] 1 [PackageName] WindowsEditor [ProjectName] Editor" 

Player connection [18064] Host joined multi-casting on [225.0.0.222:54997]...
Player connection [18064] Host joined alternative multi-casting on [225.0.0.222:34997]...
JobSystem: Creating JobQueue using job-worker-count value 5
Input System module state changed to: Initialized.
[Physics::Module] Initialized fallback backend.
[Physics::Module] Id: 0xdecafbad
Library Redirect Path: Library/
[Physics::Module] Selected backend.
[Physics::Module] Name: PhysX
[Physics::Module] Id: 0xf2b8ea05
[Physics::Module] SDK Version: 4.1.2
[Physics::Module] Integration Version: 1.0.0
[Physics::Module] Threading Mode: Multi-Threaded
Refreshing native plugins compatible for Editor in 4.96 ms, found 5 plugins.
Initialize engine version: 6000.5.10f1 (3bd4f66ad299)
[Subsystems] Discovering subsystems at path C:/Program Files/Unity/Hub/Editor/6000.5.10f1/Editor/Data/Resources/UnitySubsystems
[Subsystems] Discovering subsystems at path C:/Users/victo/Desktop/Code/POO/Cursus/2-Copy_code/03_Unity_Solos/02_2048_Reloaded/Assets
Forcing GfxDevice: Direct3D 12
GfxDevice: creating device client; kGfxThreadingModeNonThreaded
d3d12: failed to query info queue interface (0x80004002).
Direct3D:
    Version:         Direct3D 12 [level 12.2]
    Renderer:        NVIDIA GeForce RTX 3060 Ti (ID=0x2489)
    Vendor:          NVIDIA
    VRAM:            8024 MB
    App VRAM Budget: 7256 MB
    Driver:          32.0.15.9186
Initialize mono
Mono path[0] = 'C:/Program Files/Unity/Hub/Editor/6000.5.10f1/Editor/Data/Managed'
Mono path[1] = 'C:/Program Files/Unity/Hub/Editor/6000.5.10f1/Editor/Data/BCLExtensions/runtime/netstandard2.1'
Mono path[2] = 'C:/Program Files/Unity/Hub/Editor/6000.5.10f1/Editor/Data/MonoBleedingEdge/lib/mono/unityjit-win32'
Mono config path = 'C:/Program Files/Unity/Hub/Editor/6000.5.10f1/Editor/Data/MonoBleedingEdge/etc'
Using monoOptions --debugger-agent=transport=dt_socket,embedding=1,server=y,suspend=n,address=127.0.0.1:56944
CodeReloadManager initialized
Begin MonoManager ReloadAssembly
Registering precompiled unity dll's ...
Register platform support module: C:/Program Files/Unity/Hub/Editor/6000.5.10f1/Editor/Data/PlaybackEngines/WebGLSupport/UnityEditor.WebGL.Extensions.dll
Register platform support module: C:/Program Files/Unity/Hub/Editor/6000.5.10f1/Editor/Data/PlaybackEngines/WindowsStandaloneSupport/UnityEditor.WindowsStandalone.Extensions.dll
Registered in 0.008167 seconds.
Native extension for WindowsStandalone target not found
Native extension for WebGL target not found
Package Manager log level set to [2]
[Package Manager] Failed to launch server process. Reason: Unity was launched with the -noUpm command-line argument
[Package Manager] Unable to send message (not connected to server process).
[Package Manager] Cannot connect to Unity Package Manager local server
ScheduleIndexationOnStartup MainProcess:False IndexOnStartup:True
Mono: successfully reloaded assembly
- Finished resetting the current domain, in  0.614 seconds
Domain Reload Profiling: 1692ms
	BeginReloadAssembly (389ms)
		CreateAndSetChildDomain (4ms)
	RebuildCommonClasses (74ms)
	RebuildNativeTypeToScriptingClass (52ms)
	initialDomainReloadingComplete (162ms)
	LoadAllAssembliesAndSetupDomain (400ms)
		LoadAssemblies (328ms)
		AnalyzeDomain (310ms)
			TypeCache.Refresh (308ms)
				TypeCache.ScanAssembly (293ms)
	FinalizeReload (615ms)
		SetupLoadedEditorAssemblies (0ms)
			InitializePlatformSupportModulesInManaged (3ms)
			BeforeProcessingInitializeOnLoad (88ms)
			ProcessInitializeOnLoadAttributes (102ms)
			ProcessInitializeOnLoadMethodAttributes (342ms)
Initializing Unity extensions:
[Licensing::Client] Successfully resolved entitlement details
[Licensing::Module] License group:
  Id: 9072437322849-UnityPersXXXX
  Product: Unity Personal
  Type: Assigned
  Expiration: Unlimited
========================================================================
Worker process is ready to serve import requests
Import Worker Mode flag is 0x00
Curl error 3: URL rejected: Malformed input to a URL function
Begin MonoManager ReloadAssembly
Refreshing native plugins compatible for Editor in 3.68 ms, found 5 plugins.
Native extension for WindowsStandalone target not found
Native extension for WebGL target not found
[Package Manager] Failed to launch server process. Reason: Unity was launched with the -noUpm command-line argument
[Package Manager] Unable to send message (not connected to server process).
[Package Manager] Cannot connect to Unity Package Manager local server
Refreshing native plugins compatible for Editor in 2.99 ms, found 5 plugins.
[Package Manager] Failed to launch server process. Reason: Unity was launched with the -noUpm command-line argument
[Package Manager] Unable to send message (not connected to server process).
[Package Manager] Cannot connect to Unity Package Manager local server
ScheduleIndexationOnStartup MainProcess:False IndexOnStartup:True
Mono: successfully reloaded assembly
- Finished resetting the current domain, in  1.004 seconds
Domain Reload Profiling: 2083ms
	BeginReloadAssembly (211ms)
		DisableScriptedObjects (10ms)
		CreateAndSetChildDomain (32ms)
	RebuildCommonClasses (8ms)
	RebuildNativeTypeToScriptingClass (18ms)
	initialDomainReloadingComplete (97ms)
	LoadAllAssembliesAndSetupDomain (743ms)
		LoadAssemblies (435ms)
		AnalyzeDomain (272ms)
			TypeCache.Refresh (181ms)
				TypeCache.ScanAssembly (165ms)
			BuildScriptInfoCaches (83ms)
			ResolveRequiredComponents (6ms)
	FinalizeReload (1005ms)
		SetupLoadedEditorAssemblies (0ms)
			BeforeProcessingInitializeOnLoad (133ms)
			ProcessInitializeOnLoadAttributes (394ms)
			ProcessInitializeOnLoadMethodAttributes (257ms)
			AfterProcessingInitializeOnLoad (10ms)
		AwakeInstancesAfterBackupRestoration (7ms)
AcceleratorClientConnectionCallback - disconnected - :0
Launched and connected shader compiler UnityShaderCompiler.exe after 0.01 seconds
Refreshing native plugins compatible for Editor in 2.84 ms, found 5 plugins.
Unloading 22 Unused Serialized files (Serialized files now loaded: 0)
Curl error 3: URL rejected: Malformed input to a URL function
Unloading 7367 unused Assets / (6.9 MB). Loaded Objects now: 8397.
Memory consumption went from 362.6 MB to 355.7 MB.
Total: 12.644400 ms (FindLiveObjects: 1.248700 ms CreateObjectMapping: 1.538900 ms MarkObjects: 5.893600 ms  DeleteObjects: 3.961100 ms)

========================================================================
Received Prepare
AcceleratorClientConnectionCallback - disconnected - :0
Refreshing native plugins compatible for Editor in 3.55 ms, found 5 plugins.
Unloading 22 Unused Serialized files (Serialized files now loaded: 0)
Unloading 22 unused Assets / (2.6 MB). Loaded Objects now: 8397.
Memory consumption went from 354.6 MB to 351.9 MB.
Total: 6.134800 ms (FindLiveObjects: 0.460400 ms CreateObjectMapping: 0.305300 ms MarkObjects: 4.851500 ms  DeleteObjects: 0.516800 ms)

Prepare: number of updated asset objects reloaded= 0
========================================================================
Received Import Request.
  Time of request: 2026-09-11T10:39:10.0016981Z
  Time since last request: 6194.14088640000045 seconds.
  importAddress: GUID: 44c416fde68735d4a89872ecfe46b239 - Path: Assets/Prefabs/Tile.prefab - Importer: ScriptedImporter/UnityEditor.QuickSearchModule:UnityEditor.Search:ASIAI0B
Importing 'GUID: 44c416fde68735d4a89872ecfe46b239 - Path: Assets/Prefabs/Tile.prefab - Importer: ScriptedImporter/UnityEditor.QuickSearchModule:UnityEditor.Search:ASIAI0B' with importer (ScriptedImporter : UnityEditor.QuickSearchModule:UnityEditor.Search:ASIAI0B)
Imported 'GUID: 44c416fde68735d4a89872ecfe46b239' -> (Import Result ID: '9023f5ac296310a7d6854ca678178d37') in 0.164 seconds [static and dynamic dependencies]. Details - ImportResultOutputID=f2b37c5dca780dc4df17bbed6d47a4e8 DependenciesID=fc10f8905c81bb2b8f3e484fcb0b15ee StaticDependenciesID=9d101445fccd23069776a82085170482 
Number of updated asset objects reloaded before import = 0
Number of asset objects unloaded after import = 20
========================================================================
Received Import Request.
  Time of request: 2026-09-11T10:39:10.1920082Z
  Time since last request: 0.0113848 seconds.
  importAddress: GUID: 1d69f91debda51c46a4b2b94c86c67b7 - Path: Assets/Scenes/GamingScene.unity - Importer: ScriptedImporter/UnityEditor.QuickSearchModule:UnityEditor.Search:ASIAI0B
Importing 'GUID: 1d69f91debda51c46a4b2b94c86c67b7 - Path: Assets/Scenes/GamingScene.unity - Importer: ScriptedImporter/UnityEditor.QuickSearchModule:UnityEditor.Search:ASIAI0B' with importer (ScriptedImporter : UnityEditor.QuickSearchModule:UnityEditor.Search:ASIAI0B)
Imported 'GUID: 1d69f91debda51c46a4b2b94c86c67b7' -> (Import Result ID: '48e84fb7835eea325d174135be063e15') in 0.009 seconds [static and dynamic dependencies]. Details - ImportResultOutputID=83adff7edeb1b0509657a8b1e49f20b2 DependenciesID=b40cf541004dfbbed62d9df59c487785 StaticDependenciesID=6f888a69298c798bc2b0ac3023dd3a22 
Number of updated asset objects reloaded before import = 0
Number of asset objects unloaded after import = 1
========================================================================
Received Import Request.
  Time of request: 2026-09-11T10:39:10.2152199Z
  Time since last request: 0.0004906 seconds.
  importAddress: GUID: 174f6bfacb32f1b4cbbf40eaebecc82e - Path: Assets/Scripts/TileBehavior.cs - Importer: ScriptedImporter/UnityEditor.QuickSearchModule:UnityEditor.Search:ASIAI0B
Importing 'GUID: 174f6bfacb32f1b4cbbf40eaebecc82e - Path: Assets/Scripts/TileBehavior.cs - Importer: ScriptedImporter/UnityEditor.QuickSearchModule:UnityEditor.Search:ASIAI0B' with importer (ScriptedImporter : UnityEditor.QuickSearchModule:UnityEditor.Search:ASIAI0B)
Imported 'GUID: 174f6bfacb32f1b4cbbf40eaebecc82e' -> (Import Result ID: '4b95ec2aa7c38081e9722d4756d6e5e1') in 0.005 seconds [static and dynamic dependencies]. Details - ImportResultOutputID=ee228e000ebd8550fd2c3388a2b70a65 DependenciesID=a2c1572664244b6badbe6483722caa54 StaticDependenciesID=fc2651aea67acd9db1985079e2a27359 
Number of updated asset objects reloaded before import = 0
Number of asset objects unloaded after import = 0
========================================================================
Received Import Request.
  Time of request: 2026-09-11T10:39:10.2323Z
  Time since last request: 0.0003497 seconds.
  importAddress: GUID: 6cbfb9442c1ad2442bc08a9d77f506d8 - Path: Assets/Prefabs/TileStates/2.asset - Importer: ScriptedImporter/UnityEditor.QuickSearchModule:UnityEditor.Search:ASIAI0B
Importing 'GUID: 6cbfb9442c1ad2442bc08a9d77f506d8 - Path: Assets/Prefabs/TileStates/2.asset - Importer: ScriptedImporter/UnityEditor.QuickSearchModule:UnityEditor.Search:ASIAI0B' with importer (ScriptedImporter : UnityEditor.QuickSearchModule:UnityEditor.Search:ASIAI0B)
Imported 'GUID: 6cbfb9442c1ad2442bc08a9d77f506d8' -> (Import Result ID: 'e3511c5c5a963e70ed917c33f6862bf0') in 0.012 seconds [static and dynamic dependencies]. Details - ImportResultOutputID=79ccec7ff0829b6d6faf609a9c5583b3 DependenciesID=8c84e61d7e31da0e8d5e437f02ee1ab7 StaticDependenciesID=6f8317f7cd0f454e9c57083017fff5dd 
Number of updated asset objects reloaded before import = 0
Number of asset objects unloaded after import = 1
========================================================================
Received Import Request.
  Time of request: 2026-09-11T10:39:10.259019Z
  Time since last request: 0.0004059 seconds.
  importAddress: GUID: e772b3f1b00beb54a82708d35c456786 - Path: Assets/Prefabs/TileStates/4.asset - Importer: ScriptedImporter/UnityEditor.QuickSearchModule:UnityEditor.Search:ASIAI0B
Importing 'GUID: e772b3f1b00beb54a82708d35c456786 - Path: Assets/Prefabs/TileStates/4.asset - Importer: ScriptedImporter/UnityEditor.QuickSearchModule:UnityEditor.Search:ASIAI0B' with importer (ScriptedImporter : UnityEditor.QuickSearchModule:UnityEditor.Search:ASIAI0B)
Imported 'GUID: e772b3f1b00beb54a82708d35c456786' -> (Import Result ID: '80478fa6efe3be7f0b7cd73a776da162') in 0.006 seconds [static and dynamic dependencies]. Details - ImportResultOutputID=6e3f9b7bd65390dafc6f16e5d295e951 DependenciesID=8323c85d0d61819c60f5f5f08af3ea87 StaticDependenciesID=1f0e1c7a329ecaaeef23c94db31bc3bf 
Number of updated asset objects reloaded before import = 0
Number of asset objects unloaded after import = 1
========================================================================
Received Import Request.
  Time of request: 2026-09-11T10:39:10.2774985Z
  Time since last request: 0.0003827 seconds.
  importAddress: GUID: 65276211cdf2f374a9addef56e84cba4 - Path: Assets/Scripts/BoardBehavior.cs - Importer: ScriptedImporter/UnityEditor.QuickSearchModule:UnityEditor.Search:ASIAI0B
Importing 'GUID: 65276211cdf2f374a9addef56e84cba4 - Path: Assets/Scripts/BoardBehavior.cs - Importer: ScriptedImporter/UnityEditor.QuickSearchModule:UnityEditor.Search:ASIAI0B' with importer (ScriptedImporter : UnityEditor.QuickSearchModule:UnityEditor.Search:ASIAI0B)
Imported 'GUID: 65276211cdf2f374a9addef56e84cba4' -> (Import Result ID: 'fe6c5036767f93e28a199a12ed6f8f99') in 0.005 seconds [static and dynamic dependencies]. Details - ImportResultOutputID=556b8ca5770de1657de73c59e3440580 DependenciesID=d66a1002bfdce735f65ab7a3e6fa3f76 StaticDependenciesID=32a8b5853cf6af821f410ac7173a2474 
Number of updated asset objects reloaded before import = 0
Number of asset objects unloaded after import = 0
========================================================================
Received Import Request.
  Time of request: 2026-09-11T10:39:10.2927063Z
  Time since last request: 0.0004478 seconds.
  importAddress: GUID: 95a4fa289dc292947a30022219e9224d - Path: Assets/Fonts/ClearSans-Thin SDF.asset - Importer: ScriptedImporter/UnityEditor.QuickSearchModule:UnityEditor.Search:ASIAI0B
Importing 'GUID: 95a4fa289dc292947a30022219e9224d - Path: Assets/Fonts/ClearSans-Thin SDF.asset - Importer: ScriptedImporter/UnityEditor.QuickSearchModule:UnityEditor.Search:ASIAI0B' with importer (ScriptedImporter : UnityEditor.QuickSearchModule:UnityEditor.Search:ASIAI0B)
Imported 'GUID: 95a4fa289dc292947a30022219e9224d' -> (Import Result ID: '73adb579320dae9c25bbb3b8e4b862f0') in 0.062 seconds [static and dynamic dependencies]. Details - ImportResultOutputID=759988aac490e92d909d73b500b5d8ba DependenciesID=1a7cd23634e86064584241e894f0cc8f StaticDependenciesID=f2ecf8867c1eae27b289fca803a4e373 
Number of updated asset objects reloaded before import = 0
Number of asset objects unloaded after import = 5
