[Licensing::Module] Trying to connect to existing licensing client channel...
Built from '6000.5/staging' branch; Version is '6000.5.10f1 (3bd4f66ad299) revision 3921142'; Using compiler version '194234433'; Build Type 'Release'
[Licensing::IpcConnector] Successfully connected to: "LicenseClient-victo" at "2026-09-10T16:07:51.5412421Z"
OS: 'Windows 11  (10.0.26200) Core' Language: 'fr' Physical Memory: 16307 MB
BatchMode: 1, IsHumanControllingUs: 0, StartBugReporterOnCrash: 0, Is64bit: 1
System  architecture: x64
Process architecture: x64
Date: 2026-09-10T16:07:51Z
[Licensing::Client] Code 10 while verifying Licensing Client signature (process Id: 21544, path: "C:/Program Files/Unity Hub/UnityLicensingClient_V1/Unity.Licensing.Client.exe")
[Licensing::Module] LicensingClient has failed validation; ignoring
[Licensing::Client] Handshaking with LicensingClient:
  Version:                 1.18.3+d7ffd15
  Session Id:              7746ad84a8c2481295e510d64207cdaa
  Correlation Id:          52d5ad7c12ffb6f6983bdd1ee035e5ff
  External correlation Id: 299527163334443037
  Machine Id:              7y1NJRQTZS1N0Fi4xzkaA1oQZqQ=
[Licensing::Module] Successfully connected to LicensingClient on channel: "LicenseClient-victo" (connect: 0.00s, validation: 0.00s, handshake: 0.06s)
[Licensing::IpcConnector] Successfully connected to: "LicenseClient-victo-notifications" at "2026-09-10T16:07:51.6021258Z"
[Licensing::Module] Licensing Background thread has ended after 0.06s

COMMAND LINE ARGUMENTS:
C:\Program Files\Unity\Hub\Editor\6000.5.10f1\Editor\Unity.exe
-adb2
-batchMode
-noUpm
-name
AssetImportWorkerHW2
-projectPath
C:/Users/victo/Desktop/Code/POO/Cursus/2-Copy_code/03_Unity_Solos/02_2048_Reloaded
-logFile
Logs/AssetImportWorkerHW2.log
-srvPort
58452
-parentPid
9272
-analyticsCloudUserId
9072437322849
-analyticsCloudProjectId
87d49476-8ac2-47b9-ac92-d36bfea90eb0
-analyticsLocalProjectId
66a6adfeb90483c48ba34cfe5a8dc8e3
-editorAnalyticsEnabled
1
-cbmEditorLicense
85b739bd47fc74837574dc0803921ff699c31709
-cbmMachineId
7y1NJRQTZS1N0Fi4xzkaA1oQZqQ=
-licensingIpc
LicenseClient-victo
-noDiagnosticSwitchPersistentStore
-job-worker-count
5
-background-job-worker-count
8
-asset-garbage-collectors
1
-force-d3d12
-name
AssetImport
Successfully changed project path to: C:/Users/victo/Desktop/Code/POO/Cursus/2-Copy_code/03_Unity_Solos/02_2048_Reloaded
C:/Users/victo/Desktop/Code/POO/Cursus/2-Copy_code/03_Unity_Solos/02_2048_Reloaded
[UnityMemory] Configuration Parameters - Can be set up in boot.config
    "memorysetup-temp-allocator-size-gi-baking-worker=262144"
    "memorysetup-temp-allocator-size-gi-baking-worker=262144"
    "memorysetup-temp-allocator-size-gi-baking-worker=262144"
    "memorysetup-temp-allocator-size-gi-baking-worker=262144"
    "memorysetup-temp-allocator-size-gi-baking-worker=262144"
    "memorysetup-temp-allocator-size-nav-mesh-worker=65536"
    "memorysetup-temp-allocator-size-audio-worker=65536"
    "memorysetup-temp-allocator-size-cloud-worker=32768"
    "memorysetup-temp-allocator-size-gfx=262144"
    "memorysetup-remapper-allocator-initial-capacity=32768"
    "memorysetup-temp-allocator-size-preload-manager=33554432"
    "memorysetup-allocator-temp-initial-block-size-main=262144"
    "memorysetup-allocator-temp-initial-block-size-worker=262144"
    "memorysetup-temp-allocator-size-job-worker=262144"
    "memorysetup-temp-allocator-size-background-worker=32768"
    "memorysetup-bucket-allocator-granularity=16"
    "memorysetup-bucket-allocator-bucket-count=8"
    "memorysetup-bucket-allocator-block-size=33554432"
    "memorysetup-bucket-allocator-block-count=8"
    "memorysetup-main-allocator-block-size=16777216"
    "memorysetup-thread-allocator-block-size=16777216"
    "memorysetup-main-allocator-mimalloc-enabled=0"
    "memorysetup-gfx-main-allocator-block-size=16777216"
    "memorysetup-gfx-thread-allocator-block-size=16777216"
    "memorysetup-cache-allocator-block-size=4194304"
    "memorysetup-typetree-allocator-block-size=2097152"
    "memorysetup-profiler-bucket-allocator-granularity=16"
    "memorysetup-profiler-bucket-allocator-bucket-count=8"
    "memorysetup-profiler-bucket-allocator-block-size=33554432"
    "memorysetup-profiler-bucket-allocator-block-count=8"
    "memorysetup-profiler-allocator-block-size=16777216"
    "memorysetup-profiler-editor-allocator-block-size=1048576"
    "memorysetup-temp-allocator-size-main=16777216"
    "memorysetup-job-temp-allocator-block-size=2097152"
    "memorysetup-job-temp-allocator-block-size-background=1048576"
    "memorysetup-job-temp-allocator-reduction-small-platforms=262144"
Player connection [13860]  Target information:

Player connection [13860]  * "[IP] 192.168.1.62 [Port] 0 [Flags] 2 [Guid] 1803832760 [EditorId] 1803832760 [Version] 1048832 [Id] WindowsEditor(7,DESKTOP-O8CJAGR) [Debug] 1 [PackageName] WindowsEditor [ProjectName] Editor" 

Player connection [13860]  * "[IP] 192.168.56.1 [Port] 0 [Flags] 2 [Guid] 1803832760 [EditorId] 1803832760 [Version] 1048832 [Id] WindowsEditor(7,DESKTOP-O8CJAGR) [Debug] 1 [PackageName] WindowsEditor [ProjectName] Editor" 

Player connection [13860] Host joined multi-casting on [225.0.0.222:54997]...
Player connection [13860] Host joined alternative multi-casting on [225.0.0.222:34997]...
JobSystem: Creating JobQueue using job-worker-count value 5
Input System module state changed to: Initialized.
[Physics::Module] Initialized fallback backend.
[Physics::Module] Id: 0xdecafbad
Library Redirect Path: Library/
[Physics::Module] Selected backend.
[Physics::Module] Name: PhysX
[Physics::Module] Id: 0xf2b8ea05
[Physics::Module] SDK Version: 4.1.2
[Physics::Module] Integration Version: 1.0.0
[Physics::Module] Threading Mode: Multi-Threaded
Refreshing native plugins compatible for Editor in 5.86 ms, found 5 plugins.
Initialize engine version: 6000.5.10f1 (3bd4f66ad299)
[Subsystems] Discovering subsystems at path C:/Program Files/Unity/Hub/Editor/6000.5.10f1/Editor/Data/Resources/UnitySubsystems
[Subsystems] Discovering subsystems at path C:/Users/victo/Desktop/Code/POO/Cursus/2-Copy_code/03_Unity_Solos/02_2048_Reloaded/Assets
Forcing GfxDevice: Direct3D 12
GfxDevice: creating device client; kGfxThreadingModeNonThreaded
d3d12: failed to query info queue interface (0x80004002).
Direct3D:
    Version:         Direct3D 12 [level 12.2]
    Renderer:        NVIDIA GeForce RTX 3060 Ti (ID=0x2489)
    Vendor:          NVIDIA
    VRAM:            8024 MB
    App VRAM Budget: 7256 MB
    Driver:          32.0.15.9186
Initialize mono
Mono path[0] = 'C:/Program Files/Unity/Hub/Editor/6000.5.10f1/Editor/Data/Managed'
Mono path[1] = 'C:/Program Files/Unity/Hub/Editor/6000.5.10f1/Editor/Data/BCLExtensions/runtime/netstandard2.1'
Mono path[2] = 'C:/Program Files/Unity/Hub/Editor/6000.5.10f1/Editor/Data/MonoBleedingEdge/lib/mono/unityjit-win32'
Mono config path = 'C:/Program Files/Unity/Hub/Editor/6000.5.10f1/Editor/Data/MonoBleedingEdge/etc'
Using monoOptions --debugger-agent=transport=dt_socket,embedding=1,server=y,suspend=n,address=127.0.0.1:56420
CodeReloadManager initialized
Begin MonoManager ReloadAssembly
Registering precompiled unity dll's ...
Register platform support module: C:/Program Files/Unity/Hub/Editor/6000.5.10f1/Editor/Data/PlaybackEngines/WebGLSupport/UnityEditor.WebGL.Extensions.dll
Register platform support module: C:/Program Files/Unity/Hub/Editor/6000.5.10f1/Editor/Data/PlaybackEngines/WindowsStandaloneSupport/UnityEditor.WindowsStandalone.Extensions.dll
Registered in 0.002868 seconds.
Native extension for WindowsStandalone target not found
Native extension for WebGL target not found
Package Manager log level set to [2]
[Package Manager] Failed to launch server process. Reason: Unity was launched with the -noUpm command-line argument
[Package Manager] Unable to send message (not connected to server process).
[Package Manager] Cannot connect to Unity Package Manager local server
ScheduleIndexationOnStartup MainProcess:False IndexOnStartup:True
Mono: successfully reloaded assembly
- Finished resetting the current domain, in  0.516 seconds
Domain Reload Profiling: 1047ms
	BeginReloadAssembly (134ms)
	RebuildCommonClasses (5ms)
	RebuildNativeTypeToScriptingClass (15ms)
	initialDomainReloadingComplete (77ms)
	LoadAllAssembliesAndSetupDomain (300ms)
		LoadAssemblies (130ms)
		AnalyzeDomain (214ms)
			TypeCache.Refresh (212ms)
				TypeCache.ScanAssembly (198ms)
	FinalizeReload (517ms)
		SetupLoadedEditorAssemblies (0ms)
			InitializePlatformSupportModulesInManaged (3ms)
			BeforeProcessingInitializeOnLoad (92ms)
			ProcessInitializeOnLoadAttributes (101ms)
			ProcessInitializeOnLoadMethodAttributes (244ms)
Initializing Unity extensions:
[Licensing::Client] Successfully resolved entitlement details
[Licensing::Module] License group:
  Id: 9072437322849-UnityPersXXXX
  Product: Unity Personal
  Type: Assigned
  Expiration: Unlimited
Curl error 3: URL rejected: Malformed input to a URL function
========================================================================
Worker process is ready to serve import requests
Import Worker Mode flag is 0x00
Begin MonoManager ReloadAssembly
Refreshing native plugins compatible for Editor in 2.62 ms, found 5 plugins.
Native extension for WindowsStandalone target not found
Native extension for WebGL target not found
[Package Manager] Failed to launch server process. Reason: Unity was launched with the -noUpm command-line argument
[Package Manager] Unable to send message (not connected to server process).
[Package Manager] Cannot connect to Unity Package Manager local server
Refreshing native plugins compatible for Editor in 2.79 ms, found 5 plugins.
[Package Manager] Failed to launch server process. Reason: Unity was launched with the -noUpm command-line argument
[Package Manager] Unable to send message (not connected to server process).
[Package Manager] Cannot connect to Unity Package Manager local server
ScheduleIndexationOnStartup MainProcess:False IndexOnStartup:True
Mono: successfully reloaded assembly
- Finished resetting the current domain, in  0.896 seconds
Domain Reload Profiling: 1932ms
	BeginReloadAssembly (213ms)
		DisableScriptedObjects (10ms)
		CreateAndSetChildDomain (32ms)
	RebuildCommonClasses (9ms)
	RebuildNativeTypeToScriptingClass (16ms)
	initialDomainReloadingComplete (71ms)
	LoadAllAssembliesAndSetupDomain (727ms)
		LoadAssemblies (417ms)
		AnalyzeDomain (272ms)
			TypeCache.Refresh (181ms)
				TypeCache.ScanAssembly (165ms)
			BuildScriptInfoCaches (83ms)
			ResolveRequiredComponents (5ms)
	FinalizeReload (897ms)
		SetupLoadedEditorAssemblies (0ms)
			BeforeProcessingInitializeOnLoad (91ms)
			ProcessInitializeOnLoadAttributes (332ms)
			ProcessInitializeOnLoadMethodAttributes (244ms)
			AfterProcessingInitializeOnLoad (10ms)
		AwakeInstancesAfterBackupRestoration (8ms)
AcceleratorClientConnectionCallback - disconnected - :0
Launched and connected shader compiler UnityShaderCompiler.exe after 0.01 seconds
Refreshing native plugins compatible for Editor in 2.64 ms, found 5 plugins.
Unloading 22 Unused Serialized files (Serialized files now loaded: 0)
Curl error 3: URL rejected: Malformed input to a URL function
Unloading 7367 unused Assets / (5.9 MB). Loaded Objects now: 8397.
Memory consumption went from 359.9 MB to 354.0 MB.
Total: 8.633900 ms (FindLiveObjects: 0.857400 ms CreateObjectMapping: 0.783800 ms MarkObjects: 4.854100 ms  DeleteObjects: 2.134800 ms)

========================================================================
Received Prepare
AcceleratorClientConnectionCallback - disconnected - :0
Refreshing native plugins compatible for Editor in 3.03 ms, found 5 plugins.
Unloading 22 Unused Serialized files (Serialized files now loaded: 0)
Unloading 7350 unused Assets / (6.1 MB). Loaded Objects now: 8397.
Memory consumption went from 357.3 MB to 351.2 MB.
Total: 10.655100 ms (FindLiveObjects: 0.825200 ms CreateObjectMapping: 0.686300 ms MarkObjects: 6.364300 ms  DeleteObjects: 2.778200 ms)

Prepare: number of updated asset objects reloaded= 0
========================================================================
Received Import Request.
  Time of request: 2026-09-10T16:22:10.3805449Z
  Time since last request: 25414.51913749999949 seconds.
  importAddress: GUID: 174f6bfacb32f1b4cbbf40eaebecc82e - Path: Assets/Scripts/TileBehavior.cs - Importer: ScriptedImporter/UnityEditor.QuickSearchModule:UnityEditor.Search:ASIAI0B
Importing 'GUID: 174f6bfacb32f1b4cbbf40eaebecc82e - Path: Assets/Scripts/TileBehavior.cs - Importer: ScriptedImporter/UnityEditor.QuickSearchModule:UnityEditor.Search:ASIAI0B' with importer (ScriptedImporter : UnityEditor.QuickSearchModule:UnityEditor.Search:ASIAI0B)
Imported 'GUID: 174f6bfacb32f1b4cbbf40eaebecc82e' -> (Import Result ID: '3199bef6d2399444c7a4ea73dd679ad9') in 0.076 seconds [static and dynamic dependencies]. Details - ImportResultOutputID=958d5bb6c81ab271dbdff9b10427e201 DependenciesID=807efc00e62e38a6e3dcf96e0046ce71 StaticDependenciesID=82d71751f6774161c97fa2009c0fcd50 
Number of updated asset objects reloaded before import = 0
Number of asset objects unloaded after import = 0
========================================================================
Received Prepare
AcceleratorClientConnectionCallback - disconnected - :0
Refreshing native plugins compatible for Editor in 2.81 ms, found 5 plugins.
Unloading 22 Unused Serialized files (Serialized files now loaded: 0)
Unloading 7350 unused Assets / (5.6 MB). Loaded Objects now: 8399.
Memory consumption went from 361.7 MB to 356.1 MB.
Total: 10.216100 ms (FindLiveObjects: 0.824100 ms CreateObjectMapping: 0.792300 ms MarkObjects: 5.922000 ms  DeleteObjects: 2.676700 ms)

Prepare: number of updated asset objects reloaded= 0
========================================================================
Received Import Request.
  Time of request: 2026-09-10T16:22:22.7127015Z
  Time since last request: 12.2453356 seconds.
  importAddress: GUID: 174f6bfacb32f1b4cbbf40eaebecc82e - Path: Assets/Scripts/TileBehavior.cs - Importer: ScriptedImporter/UnityEditor.QuickSearchModule:UnityEditor.Search:ASIAI0B
Importing 'GUID: 174f6bfacb32f1b4cbbf40eaebecc82e - Path: Assets/Scripts/TileBehavior.cs - Importer: ScriptedImporter/UnityEditor.QuickSearchModule:UnityEditor.Search:ASIAI0B' with importer (ScriptedImporter : UnityEditor.QuickSearchModule:UnityEditor.Search:ASIAI0B)
Imported 'GUID: 174f6bfacb32f1b4cbbf40eaebecc82e' -> (Import Result ID: 'ac290c0fce46e909889b2f213e94242f') in 0.007 seconds [static and dynamic dependencies]. Details - ImportResultOutputID=31c8cc8621aace79e6b5eb71089219bb DependenciesID=f0393b2eb235e62621127f7400a7f289 StaticDependenciesID=c633bbb537f195cc3afd796e608e9426 
Number of updated asset objects reloaded before import = 0
Number of asset objects unloaded after import = 0
========================================================================
Received Prepare
AcceleratorClientConnectionCallback - disconnected - :0
Refreshing native plugins compatible for Editor in 4.35 ms, found 5 plugins.
Unloading 22 Unused Serialized files (Serialized files now loaded: 0)
Unloading 7350 unused Assets / (6.0 MB). Loaded Objects now: 8399.
Memory consumption went from 361.8 MB to 355.8 MB.
Total: 11.570200 ms (FindLiveObjects: 1.390400 ms CreateObjectMapping: 0.902100 ms MarkObjects: 6.601200 ms  DeleteObjects: 2.675000 ms)

Prepare: number of updated asset objects reloaded= 0
========================================================================
Received Import Request.
  Time of request: 2026-09-10T16:22:42.4493477Z
  Time since last request: 19.714406 seconds.
  importAddress: GUID: 174f6bfacb32f1b4cbbf40eaebecc82e - Path: Assets/Scripts/TileBehavior.cs - Importer: ScriptedImporter/UnityEditor.QuickSearchModule:UnityEditor.Search:ASIAI0B
Importing 'GUID: 174f6bfacb32f1b4cbbf40eaebecc82e - Path: Assets/Scripts/TileBehavior.cs - Importer: ScriptedImporter/UnityEditor.QuickSearchModule:UnityEditor.Search:ASIAI0B' with importer (ScriptedImporter : UnityEditor.QuickSearchModule:UnityEditor.Search:ASIAI0B)
Imported 'GUID: 174f6bfacb32f1b4cbbf40eaebecc82e' -> (Import Result ID: 'bff30073fff9ae743a50f39b13db9a58') in 0.005 seconds [static and dynamic dependencies]. Details - ImportResultOutputID=5f70f78c02dc2ba88d36ecf2dba120b7 DependenciesID=9e4f8986dcde2245f22a22d41577548d StaticDependenciesID=17ed4a60fb3c31bcb9b45bae06252ef1 
Number of updated asset objects reloaded before import = 0
Number of asset objects unloaded after import = 0
========================================================================
Received Prepare
AcceleratorClientConnectionCallback - disconnected - :0
Refreshing native plugins compatible for Editor in 2.79 ms, found 5 plugins.
Unloading 22 Unused Serialized files (Serialized files now loaded: 0)
Unloading 7350 unused Assets / (6.0 MB). Loaded Objects now: 8399.
Memory consumption went from 361.8 MB to 355.8 MB.
Total: 10.101100 ms (FindLiveObjects: 0.824600 ms CreateObjectMapping: 0.692000 ms MarkObjects: 5.733800 ms  DeleteObjects: 2.849700 ms)

Prepare: number of updated asset objects reloaded= 0
========================================================================
Received Import Request.
  Time of request: 2026-09-10T16:22:50.1500303Z
  Time since last request: 7.6848198 seconds.
  importAddress: GUID: 174f6bfacb32f1b4cbbf40eaebecc82e - Path: Assets/Scripts/TileBehavior.cs - Importer: ScriptedImporter/UnityEditor.QuickSearchModule:UnityEditor.Search:ASIAI0B
Importing 'GUID: 174f6bfacb32f1b4cbbf40eaebecc82e - Path: Assets/Scripts/TileBehavior.cs - Importer: ScriptedImporter/UnityEditor.QuickSearchModule:UnityEditor.Search:ASIAI0B' with importer (ScriptedImporter : UnityEditor.QuickSearchModule:UnityEditor.Search:ASIAI0B)
Imported 'GUID: 174f6bfacb32f1b4cbbf40eaebecc82e' -> (Import Result ID: 'de4685c08c608d80c6aaf421d0f9e32d') in 0.006 seconds [static and dynamic dependencies]. Details - ImportResultOutputID=e6b50a5d72649f1dffcd015d51228071 DependenciesID=505edffce9a15b5af2ecf23831d72f55 StaticDependenciesID=81111064b8575e5450afaeac73efd21c 
Number of updated asset objects reloaded before import = 0
Number of asset objects unloaded after import = 0
========================================================================
Received Prepare
AcceleratorClientConnectionCallback - disconnected - :0
Refreshing native plugins compatible for Editor in 2.83 ms, found 5 plugins.
Unloading 22 Unused Serialized files (Serialized files now loaded: 0)
Unloading 7350 unused Assets / (5.3 MB). Loaded Objects now: 8399.
Memory consumption went from 361.8 MB to 356.5 MB.
Total: 9.202200 ms (FindLiveObjects: 0.809700 ms CreateObjectMapping: 0.710300 ms MarkObjects: 5.403500 ms  DeleteObjects: 2.277400 ms)

Prepare: number of updated asset objects reloaded= 0
========================================================================
Received Import Request.
  Time of request: 2026-09-10T16:23:00.4926414Z
  Time since last request: 10.3240044 seconds.
  importAddress: GUID: 174f6bfacb32f1b4cbbf40eaebecc82e - Path: Assets/Scripts/TileBehavior.cs - Importer: ScriptedImporter/UnityEditor.QuickSearchModule:UnityEditor.Search:ASIAI0B
Importing 'GUID: 174f6bfacb32f1b4cbbf40eaebecc82e - Path: Assets/Scripts/TileBehavior.cs - Importer: ScriptedImporter/UnityEditor.QuickSearchModule:UnityEditor.Search:ASIAI0B' with importer (ScriptedImporter : UnityEditor.QuickSearchModule:UnityEditor.Search:ASIAI0B)
Imported 'GUID: 174f6bfacb32f1b4cbbf40eaebecc82e' -> (Import Result ID: '866a5f17085a17c31b3cd4bed8e4f627') in 0.005 seconds [static and dynamic dependencies]. Details - ImportResultOutputID=0b15401323875ae45ab317ddf8a90a6c DependenciesID=ab6cebf28609f851f0bc059c76c68f29 StaticDependenciesID=0964f686d576b147113bf343fa0a6649 
Number of updated asset objects reloaded before import = 0
Number of asset objects unloaded after import = 0
========================================================================
Received Prepare
AcceleratorClientConnectionCallback - disconnected - :0
Refreshing native plugins compatible for Editor in 3.11 ms, found 5 plugins.
Unloading 22 Unused Serialized files (Serialized files now loaded: 0)
Unloading 7350 unused Assets / (7.0 MB). Loaded Objects now: 8399.
Memory consumption went from 361.8 MB to 354.8 MB.
Total: 12.787100 ms (FindLiveObjects: 0.896700 ms CreateObjectMapping: 0.863100 ms MarkObjects: 6.966300 ms  DeleteObjects: 4.059900 ms)

Prepare: number of updated asset objects reloaded= 0
========================================================================
Received Import Request.
  Time of request: 2026-09-10T16:23:53.551252Z
  Time since last request: 53.0438879 seconds.
  importAddress: GUID: 174f6bfacb32f1b4cbbf40eaebecc82e - Path: Assets/Scripts/TileBehavior.cs - Importer: ScriptedImporter/UnityEditor.QuickSearchModule:UnityEditor.Search:ASIAI0B
Importing 'GUID: 174f6bfacb32f1b4cbbf40eaebecc82e - Path: Assets/Scripts/TileBehavior.cs - Importer: ScriptedImporter/UnityEditor.QuickSearchModule:UnityEditor.Search:ASIAI0B' with importer (ScriptedImporter : UnityEditor.QuickSearchModule:UnityEditor.Search:ASIAI0B)
Imported 'GUID: 174f6bfacb32f1b4cbbf40eaebecc82e' -> (Import Result ID: '69fed5cb91c8f0dfec8d5a6ea41c5b76') in 0.005 seconds [static and dynamic dependencies]. Details - ImportResultOutputID=bcded05b6b2f6ccdc6e9b3cc393fd5b8 DependenciesID=385bb53a2597cb004a2bb195a7469ce9 StaticDependenciesID=65fc81516bb6bf133eadd577994a29e6 
Number of updated asset objects reloaded before import = 0
Number of asset objects unloaded after import = 0
========================================================================
Received Prepare
AcceleratorClientConnectionCallback - disconnected - :0
Refreshing native plugins compatible for Editor in 2.83 ms, found 5 plugins.
Unloading 22 Unused Serialized files (Serialized files now loaded: 0)
Unloading 7350 unused Assets / (5.6 MB). Loaded Objects now: 8399.
Memory consumption went from 361.8 MB to 356.2 MB.
Total: 10.376800 ms (FindLiveObjects: 0.805200 ms CreateObjectMapping: 0.779500 ms MarkObjects: 5.398600 ms  DeleteObjects: 3.392600 ms)

Prepare: number of updated asset objects reloaded= 0
========================================================================
Received Import Request.
  Time of request: 2026-09-10T16:24:14.7420111Z
  Time since last request: 21.1746032 seconds.
  importAddress: GUID: 174f6bfacb32f1b4cbbf40eaebecc82e - Path: Assets/Scripts/TileBehavior.cs - Importer: ScriptedImporter/UnityEditor.QuickSearchModule:UnityEditor.Search:ASIAI0B
Importing 'GUID: 174f6bfacb32f1b4cbbf40eaebecc82e - Path: Assets/Scripts/TileBehavior.cs - Importer: ScriptedImporter/UnityEditor.QuickSearchModule:UnityEditor.Search:ASIAI0B' with importer (ScriptedImporter : UnityEditor.QuickSearchModule:UnityEditor.Search:ASIAI0B)
Imported 'GUID: 174f6bfacb32f1b4cbbf40eaebecc82e' -> (Import Result ID: '78fd81cb9dc719b789046fc155e3e82a') in 0.005 seconds [static and dynamic dependencies]. Details - ImportResultOutputID=23aa601c5eab237a5ef05d6ec3651e01 DependenciesID=32e6f7c307937668dcc45a972c0306d2 StaticDependenciesID=79a46121b997d2093fc789d1d2cefb42 
Number of updated asset objects reloaded before import = 0
Number of asset objects unloaded after import = 0
========================================================================
Received Prepare
AcceleratorClientConnectionCallback - disconnected - :0
[Licensing::Client] Successfully resolved entitlement details
Begin MonoManager ReloadAssembly
Refreshing native plugins compatible for Editor in 3.84 ms, found 5 plugins.
Native extension for WindowsStandalone target not found
Native extension for WebGL target not found
[Package Manager] Failed to launch server process. Reason: Unity was launched with the -noUpm command-line argument
[Package Manager] Unable to send message (not connected to server process).
[Package Manager] Cannot connect to Unity Package Manager local server
[Package Manager] Failed to launch server process. Reason: Unity was launched with the -noUpm command-line argument
[Package Manager] Unable to send message (not connected to server process).
[Package Manager] Cannot connect to Unity Package Manager local server
ScheduleIndexationOnStartup MainProcess:False IndexOnStartup:True
Mono: successfully reloaded assembly
- Finished resetting the current domain, in  0.752 seconds
Domain Reload Profiling: 1856ms
	BeginReloadAssembly (275ms)
		DisableScriptedObjects (20ms)
		CreateAndSetChildDomain (71ms)
	RebuildCommonClasses (13ms)
	RebuildNativeTypeToScriptingClass (18ms)
	initialDomainReloadingComplete (78ms)
	LoadAllAssembliesAndSetupDomain (720ms)
		LoadAssemblies (479ms)
		AnalyzeDomain (216ms)
			TypeCache.Refresh (12ms)
			BuildScriptInfoCaches (197ms)
			ResolveRequiredComponents (5ms)
	FinalizeReload (753ms)
		SetupLoadedEditorAssemblies (0ms)
			BeforeProcessingInitializeOnLoad (83ms)
			ProcessInitializeOnLoadAttributes (297ms)
			ProcessInitializeOnLoadMethodAttributes (126ms)
			AfterProcessingInitializeOnLoad (10ms)
		AwakeInstancesAfterBackupRestoration (25ms)
Refreshing native plugins compatible for Editor in 2.91 ms, found 5 plugins.
Unloading 22 Unused Serialized files (Serialized files now loaded: 0)
Unloading 7365 unused Assets / (6.6 MB). Loaded Objects now: 8403.
Memory consumption went from 355.8 MB to 349.2 MB.
Total: 9.520900 ms (FindLiveObjects: 0.810000 ms CreateObjectMapping: 0.727300 ms MarkObjects: 5.170200 ms  DeleteObjects: 2.812500 ms)

Prepare: number of updated asset objects reloaded= 0
========================================================================
Received Import Request.
  Time of request: 2026-09-10T16:25:06.1982128Z
  Time since last request: 51.439564 seconds.
  importAddress: GUID: 174f6bfacb32f1b4cbbf40eaebecc82e - Path: Assets/Scripts/TileBehavior.cs - Importer: PreviewImporter
Importing 'GUID: 174f6bfacb32f1b4cbbf40eaebecc82e - Path: Assets/Scripts/TileBehavior.cs - Importer: PreviewImporter' with importer (PreviewImporter)
Imported 'GUID: 174f6bfacb32f1b4cbbf40eaebecc82e' -> (Import Result ID: '3ca8ca4d9988f2c8a2bca7c59bc2ffc9') in 0.003 seconds [static and dynamic dependencies]. Details - ImportResultOutputID=ef214672764c9b6b40271a4f243c7fb8 DependenciesID=63b9218fd6e41a8033ebc50d212e790e StaticDependenciesID=2d6a4f61226887b67e17841fb4cb653c 
Number of updated asset objects reloaded before import = 0
Number of asset objects unloaded after import = 0
========================================================================
Received Import Request.
  Time of request: 2026-09-10T16:25:07.2704814Z
  Time since last request: 1.0572586 seconds.
  importAddress: GUID: 060462fea717baf4fb83af91dceeed0c - Path: Assets/Scripts/GridBehavior.cs - Importer: PreviewImporter
Importing 'GUID: 060462fea717baf4fb83af91dceeed0c - Path: Assets/Scripts/GridBehavior.cs - Importer: PreviewImporter' with importer (PreviewImporter)
Imported 'GUID: 060462fea717baf4fb83af91dceeed0c' -> (Import Result ID: 'c1c7cc5e6ac0e2f93209ff18c3a746c7') in 0.002 seconds [static and dynamic dependencies]. Details - ImportResultOutputID=ce7fb52f81440552cbf5fbacb942f2ab DependenciesID=56f67bafdbd759617c70997ddb04bcd5 StaticDependenciesID=039b8cb569cea8bcb463ff8d74938d17 
Number of updated asset objects reloaded before import = 0
Number of asset objects unloaded after import = 0
========================================================================
Received Import Request.
  Time of request: 2026-09-10T16:25:26.8917106Z
  Time since last request: 19.6079959 seconds.
  importAddress: GUID: 44c416fde68735d4a89872ecfe46b239 - Path: Assets/Prefabs/Tile.prefab - Importer: PreviewImporter
Importing 'GUID: 44c416fde68735d4a89872ecfe46b239 - Path: Assets/Prefabs/Tile.prefab - Importer: PreviewImporter' with importer (PreviewImporter)
Imported 'GUID: 44c416fde68735d4a89872ecfe46b239' -> (Import Result ID: '256a49943682c39bdd792979e7e65923') in 0.070 seconds [static and dynamic dependencies]. Details - ImportResultOutputID=1ab8ef999d10ab1962740033f0133c11 DependenciesID=079d255d37639ed82723d125b7db4184 StaticDependenciesID=0ddb1b53423b0cda141cac3cc40268de 
Number of updated asset objects reloaded before import = 0
Number of asset objects unloaded after import = 20
========================================================================
Received Prepare
AcceleratorClientConnectionCallback - disconnected - :0
Refreshing native plugins compatible for Editor in 3.93 ms, found 5 plugins.
Unloading 22 Unused Serialized files (Serialized files now loaded: 0)
Unloading 22 unused Assets / (2.6 MB). Loaded Objects now: 8404.
Memory consumption went from 348.6 MB to 346.0 MB.
Total: 10.716200 ms (FindLiveObjects: 0.747400 ms CreateObjectMapping: 0.710500 ms MarkObjects: 8.558800 ms  DeleteObjects: 0.698200 ms)

Prepare: number of updated asset objects reloaded= 0
========================================================================
Received Import Request.
  Time of request: 2026-09-10T16:25:39.3647047Z
  Time since last request: 12.3926741 seconds.
  importAddress: GUID: 44c416fde68735d4a89872ecfe46b239 - Path: Assets/Prefabs/Tile.prefab - Importer: PreviewImporter
Importing 'GUID: 44c416fde68735d4a89872ecfe46b239 - Path: Assets/Prefabs/Tile.prefab - Importer: PreviewImporter' with importer (PreviewImporter)
Imported 'GUID: 44c416fde68735d4a89872ecfe46b239' -> (Import Result ID: 'e575a267f0cc5aaaa72a431d4557bc5d') in 0.020 seconds [static and dynamic dependencies]. Details - ImportResultOutputID=1ab8ef999d10ab1962740033f0133c11 DependenciesID=d8a4b6242b4979090be09040bd6520a9 StaticDependenciesID=513982d53b5121fd6c078cf8afb6a630 
Number of updated asset objects reloaded before import = 0
Number of asset objects unloaded after import = 20
========================================================================
Received Prepare
AcceleratorClientConnectionCallback - disconnected - :0
[Licensing::Client] Successfully resolved entitlement details
Begin MonoManager ReloadAssembly
Refreshing native plugins compatible for Editor in 2.88 ms, found 5 plugins.
Native extension for WindowsStandalone target not found
Native extension for WebGL target not found
[Package Manager] Failed to launch server process. Reason: Unity was launched with the -noUpm command-line argument
[Package Manager] Unable to send message (not connected to server process).
[Package Manager] Cannot connect to Unity Package Manager local server
[Package Manager] Failed to launch server process. Reason: Unity was launched with the -noUpm command-line argument
[Package Manager] Unable to send message (not connected to server process).
[Package Manager] Cannot connect to Unity Package Manager local server
ScheduleIndexationOnStartup MainProcess:False IndexOnStartup:True
Mono: successfully reloaded assembly
- Finished resetting the current domain, in  0.823 seconds
Domain Reload Profiling: 1852ms
	BeginReloadAssembly (262ms)
		DisableScriptedObjects (18ms)
		CreateAndSetChildDomain (63ms)
	RebuildCommonClasses (8ms)
	RebuildNativeTypeToScriptingClass (15ms)
	initialDomainReloadingComplete (81ms)
	LoadAllAssembliesAndSetupDomain (661ms)
		LoadAssemblies (393ms)
		AnalyzeDomain (223ms)
			TypeCache.Refresh (11ms)
			BuildScriptInfoCaches (205ms)
			ResolveRequiredComponents (5ms)
	FinalizeReload (824ms)
		SetupLoadedEditorAssemblies (0ms)
			BeforeProcessingInitializeOnLoad (94ms)
			ProcessInitializeOnLoadAttributes (324ms)
			ProcessInitializeOnLoadMethodAttributes (131ms)
			AfterProcessingInitializeOnLoad (10ms)
		AwakeInstancesAfterBackupRestoration (26ms)
Refreshing native plugins compatible for Editor in 2.91 ms, found 5 plugins.
Unloading 22 Unused Serialized files (Serialized files now loaded: 0)
Unloading 7365 unused Assets / (5.6 MB). Loaded Objects now: 8407.
Memory consumption went from 359.7 MB to 354.1 MB.
Total: 9.322000 ms (FindLiveObjects: 0.813500 ms CreateObjectMapping: 0.729300 ms MarkObjects: 5.589800 ms  DeleteObjects: 2.188700 ms)

Prepare: number of updated asset objects reloaded= 0
========================================================================
Received Import Request.
  Time of request: 2026-09-10T16:29:02.2564246Z
  Time since last request: 202.857304 seconds.
  importAddress: GUID: 44c416fde68735d4a89872ecfe46b239 - Path: Assets/Prefabs/Tile.prefab - Importer: PreviewImporter
Importing 'GUID: 44c416fde68735d4a89872ecfe46b239 - Path: Assets/Prefabs/Tile.prefab - Importer: PreviewImporter' with importer (PreviewImporter)
Imported 'GUID: 44c416fde68735d4a89872ecfe46b239' -> (Import Result ID: 'c6ccdb500bd92e395626b114a24b389f') in 0.054 seconds [static and dynamic dependencies]. Details - ImportResultOutputID=1ab8ef999d10ab1962740033f0133c11 DependenciesID=1df2d8c3a46bcede178c03f438c7d0ba StaticDependenciesID=513982d53b5121fd6c078cf8afb6a630 
Number of updated asset objects reloaded before import = 0
Number of asset objects unloaded after import = 20
========================================================================
Received Prepare
AcceleratorClientConnectionCallback - disconnected - :0
Begin MonoManager ReloadAssembly
Refreshing native plugins compatible for Editor in 3.40 ms, found 5 plugins.
Native extension for WindowsStandalone target not found
Native extension for WebGL target not found
[Package Manager] Failed to launch server process. Reason: Unity was launched with the -noUpm command-line argument
[Package Manager] Unable to send message (not connected to server process).
[Package Manager] Cannot connect to Unity Package Manager local server
[Package Manager] Failed to launch server process. Reason: Unity was launched with the -noUpm command-line argument
[Package Manager] Unable to send message (not connected to server process).
[Package Manager] Cannot connect to Unity Package Manager local server
ScheduleIndexationOnStartup MainProcess:False IndexOnStartup:True
Mono: successfully reloaded assembly
- Finished resetting the current domain, in  0.851 seconds
Domain Reload Profiling: 1972ms
	BeginReloadAssembly (275ms)
		DisableScriptedObjects (19ms)
		CreateAndSetChildDomain (62ms)
	RebuildCommonClasses (9ms)
	RebuildNativeTypeToScriptingClass (20ms)
	initialDomainReloadingComplete (89ms)
	LoadAllAssembliesAndSetupDomain (727ms)
		LoadAssemblies (426ms)
		AnalyzeDomain (266ms)
			TypeCache.Refresh (13ms)
			BuildScriptInfoCaches (244ms)
			ResolveRequiredComponents (6ms)
	FinalizeReload (852ms)
		SetupLoadedEditorAssemblies (0ms)
			BeforeProcessingInitializeOnLoad (97ms)
			ProcessInitializeOnLoadAttributes (343ms)
			ProcessInitializeOnLoadMethodAttributes (133ms)
			AfterProcessingInitializeOnLoad (12ms)
		AwakeInstancesAfterBackupRestoration (30ms)
Refreshing native plugins compatible for Editor in 3.50 ms, found 5 plugins.
Unloading 22 Unused Serialized files (Serialized files now loaded: 0)
Unloading 7365 unused Assets / (6.1 MB). Loaded Objects now: 8410.
Memory consumption went from 366.4 MB to 360.3 MB.
Total: 10.547300 ms (FindLiveObjects: 0.975800 ms CreateObjectMapping: 1.097400 ms MarkObjects: 5.695900 ms  DeleteObjects: 2.776600 ms)

Prepare: number of updated asset objects reloaded= 0
========================================================================
Received Prepare
AcceleratorClientConnectionCallback - disconnected - :0
Refreshing native plugins compatible for Editor in 2.85 ms, found 5 plugins.
Unloading 22 Unused Serialized files (Serialized files now loaded: 0)
Unloading 22 unused Assets / (2.6 MB). Loaded Objects now: 8410.
Memory consumption went from 363.6 MB to 361.0 MB.
Total: 7.662800 ms (FindLiveObjects: 0.563600 ms CreateObjectMapping: 0.412300 ms MarkObjects: 5.996900 ms  DeleteObjects: 0.689200 ms)

Prepare: number of updated asset objects reloaded= 0
========================================================================
Received Import Request.
  Time of request: 2026-09-10T16:30:24.1778141Z
  Time since last request: 81.8575498 seconds.
  importAddress: GUID: 44c416fde68735d4a89872ecfe46b239 - Path: Assets/Prefabs/Tile.prefab - Importer: PreviewImporter
Importing 'GUID: 44c416fde68735d4a89872ecfe46b239 - Path: Assets/Prefabs/Tile.prefab - Importer: PreviewImporter' with importer (PreviewImporter)
Imported 'GUID: 44c416fde68735d4a89872ecfe46b239' -> (Import Result ID: '543eaf907f860a1e6664ba21d83b5538') in 0.062 seconds [static and dynamic dependencies]. Details - ImportResultOutputID=1ab8ef999d10ab1962740033f0133c11 DependenciesID=5d7de47f55f98df4fdd12c296c0d70ec StaticDependenciesID=11ccbb3bd79e92ab9a2037eab61b8aae 
Number of updated asset objects reloaded before import = 0
Number of asset objects unloaded after import = 20
========================================================================
Received Prepare
AcceleratorClientConnectionCallback - disconnected - :0
Refreshing native plugins compatible for Editor in 3.33 ms, found 5 plugins.
Unloading 22 Unused Serialized files (Serialized files now loaded: 0)
Unloading 22 unused Assets / (2.6 MB). Loaded Objects now: 8410.
Memory consumption went from 360.4 MB to 357.7 MB.
Total: 8.040300 ms (FindLiveObjects: 0.529300 ms CreateObjectMapping: 0.632900 ms MarkObjects: 6.320500 ms  DeleteObjects: 0.557000 ms)

Prepare: number of updated asset objects reloaded= 0
========================================================================
Received Import Request.
  Time of request: 2026-09-10T16:30:30.9923295Z
  Time since last request: 6.7419656 seconds.
  importAddress: GUID: 44c416fde68735d4a89872ecfe46b239 - Path: Assets/Prefabs/Tile.prefab - Importer: PreviewImporter
Importing 'GUID: 44c416fde68735d4a89872ecfe46b239 - Path: Assets/Prefabs/Tile.prefab - Importer: PreviewImporter' with importer (PreviewImporter)
Imported 'GUID: 44c416fde68735d4a89872ecfe46b239' -> (Import Result ID: '852a8a13bc8e65e210619a0185b42221') in 0.012 seconds [static and dynamic dependencies]. Details - ImportResultOutputID=1ab8ef999d10ab1962740033f0133c11 DependenciesID=466d772075fc1923e1ed5092c7336d72 StaticDependenciesID=e1fe5a4ff70482bbfc419d9d278b0d25 
Number of updated asset objects reloaded before import = 0
Number of asset objects unloaded after import = 20
========================================================================
Received Prepare
AcceleratorClientConnectionCallback - disconnected - :0
Refreshing native plugins compatible for Editor in 3.44 ms, found 5 plugins.
Unloading 22 Unused Serialized files (Serialized files now loaded: 0)
Unloading 7350 unused Assets / (5.9 MB). Loaded Objects now: 8410.
Memory consumption went from 368.2 MB to 362.4 MB.
Total: 11.112800 ms (FindLiveObjects: 0.979200 ms CreateObjectMapping: 0.899400 ms MarkObjects: 6.412400 ms  DeleteObjects: 2.820500 ms)

Prepare: number of updated asset objects reloaded= 0
========================================================================
Received Prepare
AcceleratorClientConnectionCallback - disconnected - :0
Refreshing native plugins compatible for Editor in 4.32 ms, found 5 plugins.
Unloading 22 Unused Serialized files (Serialized files now loaded: 0)
Unloading 7350 unused Assets / (6.3 MB). Loaded Objects now: 8410.
Memory consumption went from 370.7 MB to 364.5 MB.
Total: 13.967600 ms (FindLiveObjects: 1.378000 ms CreateObjectMapping: 1.441600 ms MarkObjects: 7.027000 ms  DeleteObjects: 4.119800 ms)

Prepare: number of updated asset objects reloaded= 0
========================================================================
Received Prepare
AcceleratorClientConnectionCallback - disconnected - :0
[Licensing::Client] Successfully resolved entitlement details
Begin MonoManager ReloadAssembly
Refreshing native plugins compatible for Editor in 2.78 ms, found 5 plugins.
Native extension for WindowsStandalone target not found
Native extension for WebGL target not found
[Package Manager] Failed to launch server process. Reason: Unity was launched with the -noUpm command-line argument
[Package Manager] Unable to send message (not connected to server process).
[Package Manager] Cannot connect to Unity Package Manager local server
[Package Manager] Failed to launch server process. Reason: Unity was launched with the -noUpm command-line argument
[Package Manager] Unable to send message (not connected to server process).
[Package Manager] Cannot connect to Unity Package Manager local server
ScheduleIndexationOnStartup MainProcess:False IndexOnStartup:True
Mono: successfully reloaded assembly
- Finished resetting the current domain, in  0.806 seconds
Domain Reload Profiling: 1875ms
	BeginReloadAssembly (269ms)
		DisableScriptedObjects (19ms)
		CreateAndSetChildDomain (63ms)
	RebuildCommonClasses (10ms)
	RebuildNativeTypeToScriptingClass (16ms)
	initialDomainReloadingComplete (78ms)
	LoadAllAssembliesAndSetupDomain (695ms)
		LoadAssemblies (400ms)
		AnalyzeDomain (251ms)
			TypeCache.Refresh (13ms)
			BuildScriptInfoCaches (230ms)
			ResolveRequiredComponents (6ms)
	FinalizeReload (807ms)
		SetupLoadedEditorAssemblies (0ms)
			InitializePlatformSupportModulesInManaged (3ms)
			BeforeProcessingInitializeOnLoad (95ms)
			ProcessInitializeOnLoadAttributes (306ms)
			ProcessInitializeOnLoadMethodAttributes (136ms)
			AfterProcessingInitializeOnLoad (10ms)
		AwakeInstancesAfterBackupRestoration (27ms)
Refreshing native plugins compatible for Editor in 3.83 ms, found 5 plugins.
Unloading 22 Unused Serialized files (Serialized files now loaded: 0)
Unloading 7365 unused Assets / (6.3 MB). Loaded Objects now: 8413.
Memory consumption went from 374.6 MB to 368.2 MB.
Total: 11.721500 ms (FindLiveObjects: 0.939900 ms CreateObjectMapping: 1.115400 ms MarkObjects: 5.958600 ms  DeleteObjects: 3.706600 ms)

Prepare: number of updated asset objects reloaded= 0
========================================================================
Received Prepare
AcceleratorClientConnectionCallback - disconnected - :0
Refreshing native plugins compatible for Editor in 2.90 ms, found 5 plugins.
Unloading 22 Unused Serialized files (Serialized files now loaded: 0)
Unloading 7350 unused Assets / (5.3 MB). Loaded Objects now: 8413.
Memory consumption went from 377.2 MB to 371.9 MB.
Total: 10.970500 ms (FindLiveObjects: 1.473800 ms CreateObjectMapping: 1.094900 ms MarkObjects: 5.957500 ms  DeleteObjects: 2.443100 ms)

Prepare: number of updated asset objects reloaded= 0
========================================================================
Received Prepare
AcceleratorClientConnectionCallback - disconnected - :0
Refreshing native plugins compatible for Editor in 6.64 ms, found 5 plugins.
Unloading 22 Unused Serialized files (Serialized files now loaded: 0)
Unloading 7350 unused Assets / (6.4 MB). Loaded Objects now: 8413.
Memory consumption went from 379.7 MB to 373.4 MB.
Total: 19.001500 ms (FindLiveObjects: 1.540800 ms CreateObjectMapping: 1.396800 ms MarkObjects: 10.509500 ms  DeleteObjects: 5.553600 ms)

Prepare: number of updated asset objects reloaded= 0
========================================================================
Received Prepare
AcceleratorClientConnectionCallback - disconnected - :0
[Licensing::Client] Successfully resolved entitlement details
Begin MonoManager ReloadAssembly
Refreshing native plugins compatible for Editor in 2.77 ms, found 5 plugins.
Native extension for WindowsStandalone target not found
Native extension for WebGL target not found
[Package Manager] Failed to launch server process. Reason: Unity was launched with the -noUpm command-line argument
[Package Manager] Unable to send message (not connected to server process).
[Package Manager] Cannot connect to Unity Package Manager local server
[Package Manager] Failed to launch server process. Reason: Unity was launched with the -noUpm command-line argument
[Package Manager] Unable to send message (not connected to server process).
[Package Manager] Cannot connect to Unity Package Manager local server
ScheduleIndexationOnStartup MainProcess:False IndexOnStartup:True
Mono: successfully reloaded assembly
- Finished resetting the current domain, in  0.795 seconds
Domain Reload Profiling: 1996ms
	BeginReloadAssembly (342ms)
		DisableScriptedObjects (25ms)
		CreateAndSetChildDomain (93ms)
	RebuildCommonClasses (13ms)
	RebuildNativeTypeToScriptingClass (21ms)
	initialDomainReloadingComplete (89ms)
	LoadAllAssembliesAndSetupDomain (734ms)
		LoadAssemblies (477ms)
		AnalyzeDomain (238ms)
			TypeCache.Refresh (15ms)
			BuildScriptInfoCaches (215ms)
			ResolveRequiredComponents (5ms)
	FinalizeReload (797ms)
		SetupLoadedEditorAssemblies (0ms)
			BeforeProcessingInitializeOnLoad (96ms)
			ProcessInitializeOnLoadAttributes (306ms)
			ProcessInitializeOnLoadMethodAttributes (129ms)
			AfterProcessingInitializeOnLoad (10ms)
		AwakeInstancesAfterBackupRestoration (24ms)
Refreshing native plugins compatible for Editor in 2.92 ms, found 5 plugins.
Unloading 22 Unused Serialized files (Serialized files now loaded: 0)
Unloading 7365 unused Assets / (5.7 MB). Loaded Objects now: 8416.
Memory consumption went from 386.0 MB to 380.3 MB.
Total: 9.938800 ms (FindLiveObjects: 0.923200 ms CreateObjectMapping: 0.818300 ms MarkObjects: 5.372000 ms  DeleteObjects: 2.824400 ms)

Prepare: number of updated asset objects reloaded= 0
========================================================================
Received Prepare
AcceleratorClientConnectionCallback - disconnected - :0
Refreshing native plugins compatible for Editor in 3.24 ms, found 5 plugins.
Unloading 22 Unused Serialized files (Serialized files now loaded: 0)
Unloading 22 unused Assets / (2.6 MB). Loaded Objects now: 8416.
Memory consumption went from 383.2 MB to 380.6 MB.
Total: 6.425900 ms (FindLiveObjects: 0.487400 ms CreateObjectMapping: 0.342300 ms MarkObjects: 4.991600 ms  DeleteObjects: 0.603900 ms)

Prepare: number of updated asset objects reloaded= 0
========================================================================
Received Import Request.
  Time of request: 2026-09-10T16:49:52.5306632Z
  Time since last request: 1161.51567449999993 seconds.
  importAddress: GUID: 44c416fde68735d4a89872ecfe46b239 - Path: Assets/Prefabs/Tile.prefab - Importer: PreviewImporter
Importing 'GUID: 44c416fde68735d4a89872ecfe46b239 - Path: Assets/Prefabs/Tile.prefab - Importer: PreviewImporter' with importer (PreviewImporter)
Imported 'GUID: 44c416fde68735d4a89872ecfe46b239' -> (Import Result ID: '9da379d97777cc7fb15b3c3f431e21fd') in 0.063 seconds [static and dynamic dependencies]. Details - ImportResultOutputID=1ab8ef999d10ab1962740033f0133c11 DependenciesID=ae003bdc24ca1c9fdba9246c99716f2e StaticDependenciesID=1b2be61910d548db4db9ddcc4ba6dbd6 
Number of updated asset objects reloaded before import = 0
Number of asset objects unloaded after import = 20
========================================================================
Received Prepare
AcceleratorClientConnectionCallback - disconnected - :0
Refreshing native plugins compatible for Editor in 3.08 ms, found 5 plugins.
Unloading 22 Unused Serialized files (Serialized files now loaded: 0)
Unloading 22 unused Assets / (2.6 MB). Loaded Objects now: 8416.
Memory consumption went from 367.5 MB to 364.9 MB.
Total: 7.492000 ms (FindLiveObjects: 0.473400 ms CreateObjectMapping: 0.328100 ms MarkObjects: 6.114300 ms  DeleteObjects: 0.575500 ms)

Prepare: number of updated asset objects reloaded= 0
========================================================================
Received Prepare
AcceleratorClientConnectionCallback - disconnected - :0
Refreshing native plugins compatible for Editor in 3.76 ms, found 5 plugins.
Unloading 22 Unused Serialized files (Serialized files now loaded: 0)
Unloading 7350 unused Assets / (5.9 MB). Loaded Objects now: 8416.
Memory consumption went from 375.4 MB to 369.5 MB.
Total: 11.672500 ms (FindLiveObjects: 1.431000 ms CreateObjectMapping: 0.910300 ms MarkObjects: 6.205200 ms  DeleteObjects: 3.124200 ms)

Prepare: number of updated asset objects reloaded= 0
========================================================================
Received Import Request.
  Time of request: 2026-09-10T16:52:35.5935779Z
  Time since last request: 162.98769530000001 seconds.
  importAddress: GUID: 44c416fde68735d4a89872ecfe46b239 - Path: Assets/Prefabs/Tile.prefab - Importer: PreviewImporter
Importing 'GUID: 44c416fde68735d4a89872ecfe46b239 - Path: Assets/Prefabs/Tile.prefab - Importer: PreviewImporter' with importer (PreviewImporter)
Imported 'GUID: 44c416fde68735d4a89872ecfe46b239' -> (Import Result ID: 'ec092937ae2b570af7dbc96365b01180') in 0.015 seconds [static and dynamic dependencies]. Details - ImportResultOutputID=1ab8ef999d10ab1962740033f0133c11 DependenciesID=1b85d074e07437ca0d33528cbd7f1e32 StaticDependenciesID=0ddb1b53423b0cda141cac3cc40268de 
Number of updated asset objects reloaded before import = 0
Number of asset objects unloaded after import = 20
========================================================================
Received Prepare
AcceleratorClientConnectionCallback - disconnected - :0
[Licensing::Client] Successfully resolved entitlement details
Begin MonoManager ReloadAssembly
Refreshing native plugins compatible for Editor in 2.95 ms, found 5 plugins.
Native extension for WindowsStandalone target not found
Native extension for WebGL target not found
[Package Manager] Failed to launch server process. Reason: Unity was launched with the -noUpm command-line argument
[Package Manager] Unable to send message (not connected to server process).
[Package Manager] Cannot connect to Unity Package Manager local server
[Package Manager] Failed to launch server process. Reason: Unity was launched with the -noUpm command-line argument
[Package Manager] Unable to send message (not connected to server process).
[Package Manager] Cannot connect to Unity Package Manager local server
ScheduleIndexationOnStartup MainProcess:False IndexOnStartup:True
Mono: successfully reloaded assembly
- Finished resetting the current domain, in  0.852 seconds
Domain Reload Profiling: 1905ms
	BeginReloadAssembly (259ms)
		DisableScriptedObjects (18ms)
		CreateAndSetChildDomain (64ms)
	RebuildCommonClasses (14ms)
	RebuildNativeTypeToScriptingClass (17ms)
	initialDomainReloadingComplete (80ms)
	LoadAllAssembliesAndSetupDomain (683ms)
		LoadAssemblies (392ms)
		AnalyzeDomain (241ms)
			TypeCache.Refresh (11ms)
			BuildScriptInfoCaches (223ms)
			ResolveRequiredComponents (5ms)
	FinalizeReload (852ms)
		SetupLoadedEditorAssemblies (0ms)
			InitializePlatformSupportModulesInManaged (3ms)
			BeforeProcessingInitializeOnLoad (97ms)
			ProcessInitializeOnLoadAttributes (329ms)
			ProcessInitializeOnLoadMethodAttributes (144ms)
			AfterProcessingInitializeOnLoad (11ms)
		AwakeInstancesAfterBackupRestoration (28ms)
Refreshing native plugins compatible for Editor in 3.23 ms, found 5 plugins.
Unloading 22 Unused Serialized files (Serialized files now loaded: 0)
Unloading 7365 unused Assets / (6.3 MB). Loaded Objects now: 8419.
Memory consumption went from 380.0 MB to 373.7 MB.
Total: 11.157000 ms (FindLiveObjects: 1.176000 ms CreateObjectMapping: 1.169800 ms MarkObjects: 5.507100 ms  DeleteObjects: 3.302900 ms)

Prepare: number of updated asset objects reloaded= 0
========================================================================
Received Import Request.
  Time of request: 2026-09-10T16:52:42.8479877Z
  Time since last request: 7.2272305 seconds.
  importAddress: GUID: 44c416fde68735d4a89872ecfe46b239 - Path: Assets/Prefabs/Tile.prefab - Importer: PreviewImporter
Importing 'GUID: 44c416fde68735d4a89872ecfe46b239 - Path: Assets/Prefabs/Tile.prefab - Importer: PreviewImporter' with importer (PreviewImporter)
Imported 'GUID: 44c416fde68735d4a89872ecfe46b239' -> (Import Result ID: '0b86b4c9cf3ad8a0ebf1ad6c9f98bb0e') in 0.058 seconds [static and dynamic dependencies]. Details - ImportResultOutputID=1ab8ef999d10ab1962740033f0133c11 DependenciesID=63b71d0571ceaf8beeb6c9fd7a7fe37c StaticDependenciesID=0ddb1b53423b0cda141cac3cc40268de 
Number of updated asset objects reloaded before import = 0
Number of asset objects unloaded after import = 20
========================================================================
Received Prepare
AcceleratorClientConnectionCallback - disconnected - :0
[Licensing::Client] Successfully resolved entitlement details
Begin MonoManager ReloadAssembly
Refreshing native plugins compatible for Editor in 3.12 ms, found 5 plugins.
Native extension for WindowsStandalone target not found
Native extension for WebGL target not found
[Package Manager] Failed to launch server process. Reason: Unity was launched with the -noUpm command-line argument
[Package Manager] Unable to send message (not connected to server process).
[Package Manager] Cannot connect to Unity Package Manager local server
[Package Manager] Failed to launch server process. Reason: Unity was launched with the -noUpm command-line argument
[Package Manager] Unable to send message (not connected to server process).
[Package Manager] Cannot connect to Unity Package Manager local server
ScheduleIndexationOnStartup MainProcess:False IndexOnStartup:True
Mono: successfully reloaded assembly
- Finished resetting the current domain, in  0.840 seconds
Domain Reload Profiling: 1897ms
	BeginReloadAssembly (272ms)
		DisableScriptedObjects (19ms)
		CreateAndSetChildDomain (73ms)
	RebuildCommonClasses (9ms)
	RebuildNativeTypeToScriptingClass (19ms)
	initialDomainReloadingComplete (82ms)
	LoadAllAssembliesAndSetupDomain (674ms)
		LoadAssemblies (386ms)
		AnalyzeDomain (238ms)
			TypeCache.Refresh (11ms)
			BuildScriptInfoCaches (220ms)
			ResolveRequiredComponents (5ms)
	FinalizeReload (840ms)
		SetupLoadedEditorAssemblies (0ms)
			BeforeProcessingInitializeOnLoad (101ms)
			ProcessInitializeOnLoadAttributes (337ms)
			ProcessInitializeOnLoadMethodAttributes (131ms)
			AfterProcessingInitializeOnLoad (10ms)
		AwakeInstancesAfterBackupRestoration (26ms)
Refreshing native plugins compatible for Editor in 2.71 ms, found 5 plugins.
Unloading 22 Unused Serialized files (Serialized files now loaded: 0)
Unloading 7365 unused Assets / (5.3 MB). Loaded Objects now: 8422.
Memory consumption went from 378.3 MB to 372.9 MB.
Total: 9.812500 ms (FindLiveObjects: 0.893400 ms CreateObjectMapping: 0.892300 ms MarkObjects: 5.223100 ms  DeleteObjects: 2.802800 ms)

Prepare: number of updated asset objects reloaded= 0
========================================================================
Received Import Request.
  Time of request: 2026-09-10T17:00:49.7369746Z
  Time since last request: 486.81969629999998 seconds.
  importAddress: GUID: 44c416fde68735d4a89872ecfe46b239 - Path: Assets/Prefabs/Tile.prefab - Importer: PreviewImporter
Importing 'GUID: 44c416fde68735d4a89872ecfe46b239 - Path: Assets/Prefabs/Tile.prefab - Importer: PreviewImporter' with importer (PreviewImporter)
Imported 'GUID: 44c416fde68735d4a89872ecfe46b239' -> (Import Result ID: '837e8a79b15d78d78b9ee2a3071a4672') in 0.050 seconds [static and dynamic dependencies]. Details - ImportResultOutputID=1ab8ef999d10ab1962740033f0133c11 DependenciesID=fb6ba87df293252792ed9cfb8bd94be2 StaticDependenciesID=610e7d65ce32291417045df4b29a6a60 
Number of updated asset objects reloaded before import = 0
Number of asset objects unloaded after import = 20
========================================================================
Received Import Request.
  Time of request: 2026-09-10T17:00:59.8237017Z
  Time since last request: 10.0251982 seconds.
  importAddress: GUID: 174f6bfacb32f1b4cbbf40eaebecc82e - Path: Assets/Scripts/TileBehavior.cs - Importer: PreviewImporter
Importing 'GUID: 174f6bfacb32f1b4cbbf40eaebecc82e - Path: Assets/Scripts/TileBehavior.cs - Importer: PreviewImporter' with importer (PreviewImporter)
Imported 'GUID: 174f6bfacb32f1b4cbbf40eaebecc82e' -> (Import Result ID: '10ac7803125db7d64d1b8ec681590eec') in 0.002 seconds [static and dynamic dependencies]. Details - ImportResultOutputID=ef214672764c9b6b40271a4f243c7fb8 DependenciesID=4235ded0c693849feb608a0d959ce70e StaticDependenciesID=05b4288b0a2cdae3f0f6257b1951bdaf 
Number of updated asset objects reloaded before import = 0
Number of asset objects unloaded after import = 0
========================================================================
Received Import Request.
  Time of request: 2026-09-10T17:01:01.9776356Z
  Time since last request: 2.1418345 seconds.
  importAddress: GUID: 6cbfb9442c1ad2442bc08a9d77f506d8 - Path: Assets/Prefabs/TileStates/2.asset - Importer: PreviewImporter
Importing 'GUID: 6cbfb9442c1ad2442bc08a9d77f506d8 - Path: Assets/Prefabs/TileStates/2.asset - Importer: PreviewImporter' with importer (PreviewImporter)
Imported 'GUID: 6cbfb9442c1ad2442bc08a9d77f506d8' -> (Import Result ID: '99a6c6855aa148ae88c337e8eef83375') in 0.001 seconds [static and dynamic dependencies]. Details - ImportResultOutputID=fe6c63e5ffc2c2f7cba9eb0f1da62c28 DependenciesID=1a6a19e7a50c93e49a8dfd221cbd7043 StaticDependenciesID=31336abcbe22c1eaad8741890b87a8fc 
Number of updated asset objects reloaded before import = 0
Number of asset objects unloaded after import = 1
========================================================================
Received Prepare
AcceleratorClientConnectionCallback - disconnected - :0
Refreshing native plugins compatible for Editor in 3.06 ms, found 5 plugins.
Unloading 22 Unused Serialized files (Serialized files now loaded: 0)
Unloading 22 unused Assets / (2.6 MB). Loaded Objects now: 8422.
Memory consumption went from 374.6 MB to 372.0 MB.
Total: 8.237600 ms (FindLiveObjects: 0.486300 ms CreateObjectMapping: 0.327000 ms MarkObjects: 6.648300 ms  DeleteObjects: 0.775400 ms)

Prepare: number of updated asset objects reloaded= 0
========================================================================
Received Import Request.
  Time of request: 2026-09-10T17:01:55.4909173Z
  Time since last request: 53.501784 seconds.
  importAddress: GUID: 44c416fde68735d4a89872ecfe46b239 - Path: Assets/Prefabs/Tile.prefab - Importer: PreviewImporter
Importing 'GUID: 44c416fde68735d4a89872ecfe46b239 - Path: Assets/Prefabs/Tile.prefab - Importer: PreviewImporter' with importer (PreviewImporter)
Imported 'GUID: 44c416fde68735d4a89872ecfe46b239' -> (Import Result ID: '858fd5f7e7842648c6c0550d3e24963f') in 0.012 seconds [static and dynamic dependencies]. Details - ImportResultOutputID=1ab8ef999d10ab1962740033f0133c11 DependenciesID=68c255b44f8dbc3a17490579df737d8a StaticDependenciesID=a9e88032405ab6a662f843f7790caadc 
Number of updated asset objects reloaded before import = 0
Number of asset objects unloaded after import = 20
========================================================================
Received Import Request.
  Time of request: 2026-09-10T17:06:28.760589Z
  Time since last request: 273.24708450000003 seconds.
  importAddress: GUID: 95a4fa289dc292947a30022219e9224d - Path: Assets/Fonts/ClearSans-Thin SDF.asset - Importer: PreviewImporter
Importing 'GUID: 95a4fa289dc292947a30022219e9224d - Path: Assets/Fonts/ClearSans-Thin SDF.asset - Importer: PreviewImporter' with importer (PreviewImporter)
Imported 'GUID: 95a4fa289dc292947a30022219e9224d' -> (Import Result ID: 'd0d41441034b3e98a151f5834685a374') in 0.412 seconds [static and dynamic dependencies]. Details - ImportResultOutputID=0597ec8038e9bef31e4b8ff372ea1dd6 DependenciesID=3bb706574ef6b9fb29099242b0a18476 StaticDependenciesID=2e06973fbc2d24c09e46b7e9dd073781 
Number of updated asset objects reloaded before import = 0
Number of asset objects unloaded after import = 6
========================================================================
Received Import Request.
  Time of request: 2026-09-10T17:06:29.1851168Z
  Time since last request: 0.0000307 seconds.
  importAddress: GUID: 2e498d1c8094910479dc3e1b768306a4 - Path: Assets/TextMesh Pro/Resources/Fonts & Materials/LiberationSans SDF - Fallback.asset - Importer: PreviewImporter
Importing 'GUID: 2e498d1c8094910479dc3e1b768306a4 - Path: Assets/TextMesh Pro/Resources/Fonts & Materials/LiberationSans SDF - Fallback.asset - Importer: PreviewImporter' with importer (PreviewImporter)
Imported 'GUID: 2e498d1c8094910479dc3e1b768306a4' -> (Import Result ID: '0792fef5c1038dde3837406b8f7a1e0a') in 0.028 seconds [static and dynamic dependencies]. Details - ImportResultOutputID=de3b9b5f3064ade73deacbd671395302 DependenciesID=57a52f8d9411e7c33fc8e027c368b97c StaticDependenciesID=e10cf7b3a9fad7e57249bc2ae2677908 
Number of updated asset objects reloaded before import = 0
Number of asset objects unloaded after import = 6
========================================================================
Received Import Request.
  Time of request: 2026-09-10T17:06:30.6422472Z
  Time since last request: 1.4187463 seconds.
  importAddress: GUID: 7e2f9d9d8b56bc449a6b77173d5e7bce - Path: Assets/Fonts/ClearSans-Regular SDF.asset - Importer: PreviewImporter
Importing 'GUID: 7e2f9d9d8b56bc449a6b77173d5e7bce - Path: Assets/Fonts/ClearSans-Regular SDF.asset - Importer: PreviewImporter' with importer (PreviewImporter)
Imported 'GUID: 7e2f9d9d8b56bc449a6b77173d5e7bce' -> (Import Result ID: 'b9c7b90256eb5feb98743c14de5bb172') in 0.021 seconds [static and dynamic dependencies]. Details - ImportResultOutputID=174eedccb95e34d2fffd0b1d3f88592c DependenciesID=c2fad4df889dd1bc401a2c052b9f567d StaticDependenciesID=6866cb0d52a22fbe9896a8b3719620d1 
Number of updated asset objects reloaded before import = 0
Number of asset objects unloaded after import = 6
========================================================================
Received Prepare
AcceleratorClientConnectionCallback - disconnected - :0
Refreshing native plugins compatible for Editor in 3.57 ms, found 5 plugins.
Unloading 22 Unused Serialized files (Serialized files now loaded: 0)
Unloading 22 unused Assets / (2.6 MB). Loaded Objects now: 8560.
Memory consumption went from 384.9 MB to 382.3 MB.
Total: 9.762200 ms (FindLiveObjects: 0.770900 ms CreateObjectMapping: 0.394200 ms MarkObjects: 7.972100 ms  DeleteObjects: 0.623500 ms)

Prepare: number of updated asset objects reloaded= 0
========================================================================
Received Prepare
AcceleratorClientConnectionCallback - disconnected - :0
Refreshing native plugins compatible for Editor in 3.55 ms, found 5 plugins.
Unloading 22 Unused Serialized files (Serialized files now loaded: 0)
Unloading 7350 unused Assets / (6.4 MB). Loaded Objects now: 8560.
Memory consumption went from 393.0 MB to 386.6 MB.
Total: 12.844800 ms (FindLiveObjects: 0.956700 ms CreateObjectMapping: 0.807500 ms MarkObjects: 7.718500 ms  DeleteObjects: 3.361200 ms)

Prepare: number of updated asset objects reloaded= 0
========================================================================
Received Prepare
AcceleratorClientConnectionCallback - disconnected - :0
[Licensing::Client] Successfully resolved entitlement details
Begin MonoManager ReloadAssembly
Refreshing native plugins compatible for Editor in 3.27 ms, found 5 plugins.
Native extension for WindowsStandalone target not found
Native extension for WebGL target not found
[Package Manager] Failed to launch server process. Reason: Unity was launched with the -noUpm command-line argument
[Package Manager] Unable to send message (not connected to server process).
[Package Manager] Cannot connect to Unity Package Manager local server
[Package Manager] Failed to launch server process. Reason: Unity was launched with the -noUpm command-line argument
[Package Manager] Unable to send message (not connected to server process).
[Package Manager] Cannot connect to Unity Package Manager local server
ScheduleIndexationOnStartup MainProcess:False IndexOnStartup:True
Mono: successfully reloaded assembly
- Finished resetting the current domain, in  0.835 seconds
Domain Reload Profiling: 1900ms
	BeginReloadAssembly (292ms)
		DisableScriptedObjects (32ms)
		CreateAndSetChildDomain (78ms)
	RebuildCommonClasses (11ms)
	RebuildNativeTypeToScriptingClass (16ms)
	initialDomainReloadingComplete (78ms)
	LoadAllAssembliesAndSetupDomain (667ms)
		LoadAssemblies (387ms)
		AnalyzeDomain (233ms)
			TypeCache.Refresh (12ms)
			BuildScriptInfoCaches (213ms)
			ResolveRequiredComponents (6ms)
	FinalizeReload (836ms)
		SetupLoadedEditorAssemblies (0ms)
			BeforeProcessingInitializeOnLoad (93ms)
			ProcessInitializeOnLoadAttributes (309ms)
			ProcessInitializeOnLoadMethodAttributes (145ms)
			AfterProcessingInitializeOnLoad (11ms)
		AwakeInstancesAfterBackupRestoration (32ms)
Refreshing native plugins compatible for Editor in 3.19 ms, found 5 plugins.
Unloading 22 Unused Serialized files (Serialized files now loaded: 0)
Unloading 7365 unused Assets / (6.1 MB). Loaded Objects now: 8490.
Memory consumption went from 395.6 MB to 389.5 MB.
Total: 11.193500 ms (FindLiveObjects: 1.004900 ms CreateObjectMapping: 1.186700 ms MarkObjects: 5.589400 ms  DeleteObjects: 3.411200 ms)

Prepare: number of updated asset objects reloaded= 0
========================================================================
Received Prepare
AcceleratorClientConnectionCallback - disconnected - :0
Refreshing native plugins compatible for Editor in 3.37 ms, found 5 plugins.
Unloading 22 Unused Serialized files (Serialized files now loaded: 0)
Unloading 7350 unused Assets / (6.1 MB). Loaded Objects now: 8490.
Memory consumption went from 398.2 MB to 392.1 MB.
Total: 10.611600 ms (FindLiveObjects: 0.942600 ms CreateObjectMapping: 0.879800 ms MarkObjects: 5.286500 ms  DeleteObjects: 3.500800 ms)

Prepare: number of updated asset objects reloaded= 0
========================================================================
Received Prepare
AcceleratorClientConnectionCallback - disconnected - :0
[Licensing::Client] Successfully resolved entitlement details
Begin MonoManager ReloadAssembly
Refreshing native plugins compatible for Editor in 3.01 ms, found 5 plugins.
Native extension for WindowsStandalone target not found
Native extension for WebGL target not found
[Package Manager] Failed to launch server process. Reason: Unity was launched with the -noUpm command-line argument
[Package Manager] Unable to send message (not connected to server process).
[Package Manager] Cannot connect to Unity Package Manager local server
[Package Manager] Failed to launch server process. Reason: Unity was launched with the -noUpm command-line argument
[Package Manager] Unable to send message (not connected to server process).
[Package Manager] Cannot connect to Unity Package Manager local server
ScheduleIndexationOnStartup MainProcess:False IndexOnStartup:True
Mono: successfully reloaded assembly
- Finished resetting the current domain, in  1.106 seconds
Domain Reload Profiling: 2287ms
	BeginReloadAssembly (294ms)
		DisableScriptedObjects (26ms)
		CreateAndSetChildDomain (69ms)
	RebuildCommonClasses (14ms)
	RebuildNativeTypeToScriptingClass (16ms)
	initialDomainReloadingComplete (86ms)
	LoadAllAssembliesAndSetupDomain (770ms)
		LoadAssemblies (447ms)
		AnalyzeDomain (246ms)
			TypeCache.Refresh (11ms)
			BuildScriptInfoCaches (227ms)
			ResolveRequiredComponents (5ms)
	FinalizeReload (1108ms)
		SetupLoadedEditorAssemblies (0ms)
			BeforeProcessingInitializeOnLoad (98ms)
			ProcessInitializeOnLoadAttributes (403ms)
			ProcessInitializeOnLoadMethodAttributes (266ms)
			AfterProcessingInitializeOnLoad (33ms)
		AwakeInstancesAfterBackupRestoration (49ms)
Refreshing native plugins compatible for Editor in 2.85 ms, found 5 plugins.
Unloading 22 Unused Serialized files (Serialized files now loaded: 0)
Unloading 7365 unused Assets / (6.4 MB). Loaded Objects now: 8493.
Memory consumption went from 400.9 MB to 394.6 MB.
Total: 10.577100 ms (FindLiveObjects: 0.828300 ms CreateObjectMapping: 0.701300 ms MarkObjects: 5.976900 ms  DeleteObjects: 3.069900 ms)

Prepare: number of updated asset objects reloaded= 0
========================================================================
Received Prepare
AcceleratorClientConnectionCallback - disconnected - :0
Refreshing native plugins compatible for Editor in 2.71 ms, found 5 plugins.
Unloading 22 Unused Serialized files (Serialized files now loaded: 0)
Unloading 7350 unused Assets / (6.0 MB). Loaded Objects now: 8493.
Memory consumption went from 403.7 MB to 397.7 MB.
Total: 10.506100 ms (FindLiveObjects: 0.973800 ms CreateObjectMapping: 0.853700 ms MarkObjects: 5.446700 ms  DeleteObjects: 3.231000 ms)

Prepare: number of updated asset objects reloaded= 0
========================================================================
Received Prepare
AcceleratorClientConnectionCallback - disconnected - :0
Begin MonoManager ReloadAssembly
Refreshing native plugins compatible for Editor in 3.38 ms, found 5 plugins.
Native extension for WindowsStandalone target not found
Native extension for WebGL target not found
[Package Manager] Failed to launch server process. Reason: Unity was launched with the -noUpm command-line argument
[Package Manager] Unable to send message (not connected to server process).
[Package Manager] Cannot connect to Unity Package Manager local server
[Package Manager] Failed to launch server process. Reason: Unity was launched with the -noUpm command-line argument
[Package Manager] Unable to send message (not connected to server process).
[Package Manager] Cannot connect to Unity Package Manager local server
ScheduleIndexationOnStartup MainProcess:False IndexOnStartup:True
Mono: successfully reloaded assembly
- Finished resetting the current domain, in  0.853 seconds
Domain Reload Profiling: 1894ms
	BeginReloadAssembly (272ms)
		DisableScriptedObjects (20ms)
		CreateAndSetChildDomain (68ms)
	RebuildCommonClasses (12ms)
	RebuildNativeTypeToScriptingClass (16ms)
	initialDomainReloadingComplete (77ms)
	LoadAllAssembliesAndSetupDomain (663ms)
		LoadAssemblies (392ms)
		AnalyzeDomain (229ms)
			TypeCache.Refresh (11ms)
			BuildScriptInfoCaches (211ms)
			ResolveRequiredComponents (5ms)
	FinalizeReload (854ms)
		SetupLoadedEditorAssemblies (0ms)
			BeforeProcessingInitializeOnLoad (103ms)
			ProcessInitializeOnLoadAttributes (342ms)
			ProcessInitializeOnLoadMethodAttributes (125ms)
			AfterProcessingInitializeOnLoad (10ms)
		AwakeInstancesAfterBackupRestoration (27ms)
Refreshing native plugins compatible for Editor in 3.40 ms, found 5 plugins.
Unloading 22 Unused Serialized files (Serialized files now loaded: 0)
Unloading 7365 unused Assets / (5.9 MB). Loaded Objects now: 8496.
Memory consumption went from 407.4 MB to 401.5 MB.
Total: 12.664800 ms (FindLiveObjects: 1.344400 ms CreateObjectMapping: 0.908800 ms MarkObjects: 6.571300 ms  DeleteObjects: 3.839000 ms)

Prepare: number of updated asset objects reloaded= 0
========================================================================
Received Prepare
AcceleratorClientConnectionCallback - disconnected - :0
Refreshing native plugins compatible for Editor in 3.71 ms, found 5 plugins.
Unloading 22 Unused Serialized files (Serialized files now loaded: 0)
Unloading 7350 unused Assets / (5.9 MB). Loaded Objects now: 8496.
Memory consumption went from 410.2 MB to 404.2 MB.
Total: 10.391400 ms (FindLiveObjects: 0.976500 ms CreateObjectMapping: 1.396300 ms MarkObjects: 5.278100 ms  DeleteObjects: 2.739800 ms)

Prepare: number of updated asset objects reloaded= 0
========================================================================
Received Prepare
AcceleratorClientConnectionCallback - disconnected - :0
[Licensing::Client] Successfully resolved entitlement details
Begin MonoManager ReloadAssembly
Refreshing native plugins compatible for Editor in 2.59 ms, found 5 plugins.
Native extension for WindowsStandalone target not found
Native extension for WebGL target not found
[Package Manager] Failed to launch server process. Reason: Unity was launched with the -noUpm command-line argument
[Package Manager] Unable to send message (not connected to server process).
[Package Manager] Cannot connect to Unity Package Manager local server
[Package Manager] Failed to launch server process. Reason: Unity was launched with the -noUpm command-line argument
[Package Manager] Unable to send message (not connected to server process).
[Package Manager] Cannot connect to Unity Package Manager local server
ScheduleIndexationOnStartup MainProcess:False IndexOnStartup:True
Mono: successfully reloaded assembly
- Finished resetting the current domain, in  0.882 seconds
Domain Reload Profiling: 1932ms
	BeginReloadAssembly (269ms)
		DisableScriptedObjects (19ms)
		CreateAndSetChildDomain (72ms)
	RebuildCommonClasses (10ms)
	RebuildNativeTypeToScriptingClass (15ms)
	initialDomainReloadingComplete (77ms)
	LoadAllAssembliesAndSetupDomain (677ms)
		LoadAssemblies (391ms)
		AnalyzeDomain (237ms)
			TypeCache.Refresh (11ms)
			BuildScriptInfoCaches (218ms)
			ResolveRequiredComponents (6ms)
	FinalizeReload (883ms)
		SetupLoadedEditorAssemblies (0ms)
			BeforeProcessingInitializeOnLoad (103ms)
			ProcessInitializeOnLoadAttributes (343ms)
			ProcessInitializeOnLoadMethodAttributes (146ms)
			AfterProcessingInitializeOnLoad (11ms)
		AwakeInstancesAfterBackupRestoration (29ms)
Refreshing native plugins compatible for Editor in 3.51 ms, found 5 plugins.
Unloading 22 Unused Serialized files (Serialized files now loaded: 0)
Unloading 7365 unused Assets / (6.4 MB). Loaded Objects now: 8499.
Memory consumption went from 415.2 MB to 408.8 MB.
Total: 11.916200 ms (FindLiveObjects: 0.933000 ms CreateObjectMapping: 0.962500 ms MarkObjects: 6.430800 ms  DeleteObjects: 3.588500 ms)

Prepare: number of updated asset objects reloaded= 0
========================================================================
Received Prepare
AcceleratorClientConnectionCallback - disconnected - :0
Refreshing native plugins compatible for Editor in 3.04 ms, found 5 plugins.
Unloading 22 Unused Serialized files (Serialized files now loaded: 0)
Unloading 7350 unused Assets / (6.1 MB). Loaded Objects now: 8499.
Memory consumption went from 418.0 MB to 412.0 MB.
Total: 10.435300 ms (FindLiveObjects: 1.060900 ms CreateObjectMapping: 1.367800 ms MarkObjects: 5.075400 ms  DeleteObjects: 2.930600 ms)

Prepare: number of updated asset objects reloaded= 0
========================================================================
Received Prepare
AcceleratorClientConnectionCallback - disconnected - :0
[Licensing::Client] Successfully resolved entitlement details
Begin MonoManager ReloadAssembly
Refreshing native plugins compatible for Editor in 2.85 ms, found 5 plugins.
Native extension for WindowsStandalone target not found
Native extension for WebGL target not found
[Package Manager] Failed to launch server process. Reason: Unity was launched with the -noUpm command-line argument
[Package Manager] Unable to send message (not connected to server process).
[Package Manager] Cannot connect to Unity Package Manager local server
[Package Manager] Failed to launch server process. Reason: Unity was launched with the -noUpm command-line argument
[Package Manager] Unable to send message (not connected to server process).
[Package Manager] Cannot connect to Unity Package Manager local server
ScheduleIndexationOnStartup MainProcess:False IndexOnStartup:True
Mono: successfully reloaded assembly
- Finished resetting the current domain, in  0.879 seconds
Domain Reload Profiling: 1921ms
	BeginReloadAssembly (265ms)
		DisableScriptedObjects (20ms)
		CreateAndSetChildDomain (65ms)
	RebuildCommonClasses (10ms)
	RebuildNativeTypeToScriptingClass (16ms)
	initialDomainReloadingComplete (74ms)
	LoadAllAssembliesAndSetupDomain (676ms)
		LoadAssemblies (399ms)
		AnalyzeDomain (235ms)
			TypeCache.Refresh (11ms)
			BuildScriptInfoCaches (217ms)
			ResolveRequiredComponents (5ms)
	FinalizeReload (880ms)
		SetupLoadedEditorAssemblies (0ms)
			InitializePlatformSupportModulesInManaged (3ms)
			BeforeProcessingInitializeOnLoad (106ms)
			ProcessInitializeOnLoadAttributes (337ms)
			ProcessInitializeOnLoadMethodAttributes (147ms)
			AfterProcessingInitializeOnLoad (12ms)
		AwakeInstancesAfterBackupRestoration (26ms)
Refreshing native plugins compatible for Editor in 3.32 ms, found 5 plugins.
Unloading 22 Unused Serialized files (Serialized files now loaded: 0)
Unloading 7365 unused Assets / (6.2 MB). Loaded Objects now: 8502.
Memory consumption went from 423.9 MB to 417.8 MB.
Total: 10.777700 ms (FindLiveObjects: 1.108600 ms CreateObjectMapping: 1.290900 ms MarkObjects: 5.371800 ms  DeleteObjects: 3.005100 ms)

Prepare: number of updated asset objects reloaded= 0
========================================================================
Received Prepare
AcceleratorClientConnectionCallback - disconnected - :0
Refreshing native plugins compatible for Editor in 2.70 ms, found 5 plugins.
Unloading 22 Unused Serialized files (Serialized files now loaded: 0)
Unloading 22 unused Assets / (2.6 MB). Loaded Objects now: 8502.
Memory consumption went from 421.3 MB to 418.7 MB.
Total: 8.346500 ms (FindLiveObjects: 0.504200 ms CreateObjectMapping: 0.341000 ms MarkObjects: 6.933400 ms  DeleteObjects: 0.567100 ms)

Prepare: number of updated asset objects reloaded= 0
Editor requested this worker to shutdown with reason: Editor is closing down
AcceleratorClientConnectionCallback - disconnected - :0
AssetImportWorker is now disconnected from the server
Process exiting
Exiting without the bug reporter. Application will terminate with return code 0