[2026-09-14T15:47:21.701Z][INFO] Command-line: 'C:\\Program Files\\Unity\\Hub\\Editor\\6000.5.10f1\\Editor\\Data\\Resources\\PackageManager\\Server\\UnityPackageManager.exe' server -s 7604 --ipc-path Unity-Upm-7604 -l 2 --log-file C:\\Users\\victo\\Desktop\\Code\\POO\\Cursus\\2-Copy_code\\03_Unity_Solos\\02_2048_Reloaded/Logs/upm.log
[2026-09-14T15:47:21.735Z][INFO] IPC server started (IPC path=Unity-Upm-7604).
[2026-09-14T15:47:21.735Z][INFO] Hint: To connect to this UPM instance, launch Unity with the command-line parameter -upmIpcPath Upm-7604.
[2026-09-14T15:47:24.765Z][INFO] project:list-packages <-- Request received
params: {}
[2026-09-14T15:47:24.961Z][INFO] project:list-packages <-- Request received
params: {}
[2026-09-14T15:47:24.976Z][INFO] config:project:get-registries <-- Request received
params: {}
[2026-09-14T15:47:25.006Z][INFO] config:project:get-registries --> 200 (30 ms)
[2026-09-14T15:47:25.164Z][INFO] project:list-packages --> 200 (398 ms)
[2026-09-14T15:47:25.320Z][INFO] project:list-packages --> 200 (359 ms)
[2026-09-14T15:47:30.769Z][INFO] project:list-packages <-- Request received
params: {}
[2026-09-14T15:47:30.783Z][INFO] project:list-packages <-- Request received
params: {}
[2026-09-14T15:47:31.130Z][INFO] project:list-packages --> 200 (361 ms)
[2026-09-14T15:47:31.131Z][INFO] project:list-packages --> 200 (348 ms)
[2026-09-14T15:47:33.259Z][INFO] project:list-packages <-- Request received
params: {}
[2026-09-14T15:47:33.441Z][INFO] project:list-packages --> 200 (182 ms)
[2026-09-14T15:47:33.458Z][INFO] config:project:get-registries <-- Request received
params: {}
[2026-09-14T15:47:33.461Z][INFO] config:project:get-registries --> 200 (3 ms)
[2026-09-14T15:47:38.172Z][INFO] project:list-packages <-- Request received
params: {}
[2026-09-14T15:47:38.392Z][INFO] project:list-packages --> 200 (220 ms)
[2026-09-14T15:47:40.887Z][INFO] project:list-packages <-- Request received
params: {}
[2026-09-14T15:47:42.040Z][INFO] project:list-packages --> 200 (1153 ms)
